... logging to /tmp/forklift_a1_late_owner_seed2024_ros/2ff5250e-ab68-11f1-b2b0-73148441a538/roslaunch-Lacia-1312.log
Checking log directory for disk usage. This may take a while.
Press Ctrl-C to interrupt
Done checking log file disk usage. Usage is <1GB.
]2;roscore
[1mstarted roslaunch server http://Lacia:43927/[0m
ros_comm version 1.17.4


SUMMARY
========

PARAMETERS
 * /rosdistro: noetic
 * /rosversion: 1.17.4

NODES

auto-starting new master
[1mprocess[master]: started with pid [1428][0m
[1mROS_MASTER_URI=http://Lacia:11353/[0m
]2;roscore http://Lacia:11353/
[1msetting /run_id to 2ff5250e-ab68-11f1-b2b0-73148441a538[0m
[1mprocess[rosout-1]: started with pid [1741][0m
started core service [/rosout]
[rosout-1] killing on exit
[master] killing on exit
shutting down processing monitor...
... shutting down processing monitor complete
[1mdone[0m
