[FIRST-COLLISION] @tick=233 sim_t=23s 涉及对=[V0-V2 ]

========== FIRST-COLLISION 前 80 拍历史(看 gen 是否刚跳变=刚被脱困重置) ==========
tick=154
  V0 mode=1 act=0 reason=future_a1_exit_priority blk=1 task=0 slot=38->-1 s=2.587/3.963 rem=1.375 spd=0.050 wait=0.5 gen=1
  V1 mode=1 act=3 reason=clear blk=-1 task=0 slot=20->-1 s=2.533/3.955 rem=1.422 spd=0.142 wait=0.0 gen=1
  V2 mode=1 act=3 reason=clear blk=-1 task=0 slot=36->-1 s=0.724/3.743 rem=3.019 spd=0.200 wait=0.0 gen=1
tick=155
  V0 mode=1 act=1 reason=clear blk=-1 task=0 slot=38->-1 s=2.592/3.963 rem=1.370 spd=0.050 wait=0.6 gen=1
  V1 mode=1 act=3 reason=clear blk=-1 task=0 slot=20->-1 s=2.547/3.955 rem=1.407 spd=0.142 wait=0.0 gen=1
  V2 mode=1 act=3 reason=clear blk=-1 task=0 slot=36->-1 s=0.744/3.743 rem=2.999 spd=0.200 wait=0.0 gen=1
tick=156
  V0 mode=1 act=0 reason=future_a1_exit_priority blk=1 task=0 slot=38->-1 s=2.594/3.963 rem=1.368 spd=0.020 wait=0.7 gen=1
  V1 mode=1 act=3 reason=clear blk=-1 task=0 slot=20->-1 s=2.562/3.955 rem=1.393 spd=0.142 wait=0.0 gen=1
  V2 mode=1 act=3 reason=clear blk=-1 task=0 slot=36->-1 s=0.764/3.743 rem=2.979 spd=0.200 wait=0.0 gen=1
tick=157
  V0 mode=1 act=0 reason=action_hold blk=-1 task=0 slot=38->-1 s=2.594/3.963 rem=1.368 spd=0.000 wait=0.8 gen=1
  V1 mode=1 act=3 reason=clear blk=-1 task=0 slot=20->-1 s=2.576/3.955 rem=1.379 spd=0.142 wait=0.0 gen=1
  V2 mode=1 act=3 reason=clear blk=-1 task=0 slot=36->-1 s=0.784/3.743 rem=2.959 spd=0.200 wait=0.0 gen=1
tick=158
  V0 mode=1 act=0 reason=action_hold blk=-1 task=0 slot=38->-1 s=2.594/3.963 rem=1.368 spd=0.000 wait=0.9 gen=1
  V1 mode=1 act=3 reason=clear blk=-1 task=0 slot=20->-1 s=2.590/3.955 rem=1.365 spd=0.142 wait=0.0 gen=1
  V2 mode=1 act=3 reason=clear blk=-1 task=0 slot=36->-1 s=0.804/3.743 rem=2.939 spd=0.200 wait=0.0 gen=1
tick=159
  V0 mode=1 act=0 reason=action_hold blk=-1 task=0 slot=38->-1 s=2.594/3.963 rem=1.368 spd=0.000 wait=1.0 gen=1
  V1 mode=1 act=3 reason=clear blk=-1 task=0 slot=20->-1 s=2.604/3.955 rem=1.350 spd=0.142 wait=0.0 gen=1
  V2 mode=1 act=3 reason=clear blk=-1 task=0 slot=36->-1 s=0.824/3.743 rem=2.919 spd=0.200 wait=0.0 gen=1
tick=160
  V0 mode=1 act=0 reason=action_hold blk=-1 task=0 slot=38->-1 s=2.594/3.963 rem=1.368 spd=0.000 wait=1.1 gen=1
  V1 mode=1 act=3 reason=clear blk=-1 task=0 slot=20->-1 s=2.619/3.955 rem=1.336 spd=0.142 wait=0.0 gen=1
  V2 mode=1 act=3 reason=clear blk=-1 task=0 slot=36->-1 s=0.844/3.743 rem=2.899 spd=0.200 wait=0.0 gen=1
tick=161
  V0 mode=1 act=1 reason=clear blk=-1 task=0 slot=38->-1 s=2.596/3.963 rem=1.366 spd=0.020 wait=1.2 gen=1
  V1 mode=1 act=3 reason=clear blk=-1 task=0 slot=20->-1 s=2.633/3.955 rem=1.322 spd=0.142 wait=0.0 gen=1
  V2 mode=1 act=3 reason=clear blk=-1 task=0 slot=36->-1 s=0.864/3.743 rem=2.879 spd=0.200 wait=0.0 gen=1
tick=162
  V0 mode=1 act=1 reason=action_hold blk=-1 task=0 slot=38->-1 s=2.600/3.963 rem=1.362 spd=0.040 wait=1.3 gen=1
  V1 mode=1 act=3 reason=clear blk=-1 task=0 slot=20->-1 s=2.647/3.955 rem=1.308 spd=0.142 wait=0.0 gen=1
  V2 mode=1 act=3 reason=clear blk=-1 task=0 slot=36->-1 s=0.884/3.743 rem=2.859 spd=0.200 wait=0.0 gen=1
tick=163
  V0 mode=1 act=0 reason=future_a1_exit_priority blk=1 task=0 slot=38->-1 s=2.601/3.963 rem=1.361 spd=0.010 wait=1.4 gen=1
  V1 mode=1 act=3 reason=clear blk=-1 task=0 slot=20->-1 s=2.661/3.955 rem=1.293 spd=0.142 wait=0.0 gen=1
  V2 mode=1 act=3 reason=clear blk=-1 task=0 slot=36->-1 s=0.904/3.743 rem=2.839 spd=0.200 wait=0.0 gen=1
tick=164
  V0 mode=1 act=0 reason=future_a1_exit_priority blk=1 task=0 slot=38->-1 s=2.601/3.963 rem=1.361 spd=0.000 wait=1.5 gen=1
  V1 mode=1 act=3 reason=clear blk=-1 task=0 slot=20->-1 s=2.676/3.955 rem=1.279 spd=0.142 wait=0.0 gen=1
  V2 mode=1 act=3 reason=clear blk=-1 task=0 slot=36->-1 s=0.924/3.743 rem=2.819 spd=0.200 wait=0.0 gen=1
tick=165
  V0 mode=1 act=0 reason=future_a1_exit_priority blk=1 task=0 slot=38->-1 s=2.601/3.963 rem=1.361 spd=0.000 wait=1.6 gen=1
  V1 mode=1 act=3 reason=clear blk=-1 task=0 slot=20->-1 s=2.690/3.955 rem=1.265 spd=0.142 wait=0.0 gen=1
  V2 mode=1 act=3 reason=clear blk=-1 task=0 slot=36->-1 s=0.944/3.743 rem=2.799 spd=0.200 wait=0.0 gen=1
tick=166
  V0 mode=1 act=0 reason=future_a1_exit_priority blk=1 task=0 slot=38->-1 s=2.601/3.963 rem=1.361 spd=0.000 wait=1.7 gen=1
  V1 mode=1 act=3 reason=clear blk=-1 task=0 slot=20->-1 s=2.704/3.955 rem=1.251 spd=0.142 wait=0.0 gen=1
  V2 mode=1 act=3 reason=clear blk=-1 task=0 slot=36->-1 s=0.964/3.743 rem=2.779 spd=0.200 wait=0.0 gen=1
tick=167
  V0 mode=1 act=0 reason=future_a1_exit_priority blk=1 task=0 slot=38->-1 s=2.601/3.963 rem=1.361 spd=0.000 wait=1.8 gen=1
  V1 mode=1 act=3 reason=clear blk=-1 task=0 slot=20->-1 s=2.718/3.955 rem=1.236 spd=0.142 wait=0.0 gen=1
  V2 mode=1 act=3 reason=clear blk=-1 task=0 slot=36->-1 s=0.984/3.743 rem=2.759 spd=0.200 wait=0.0 gen=1
tick=168
  V0 mode=1 act=0 reason=future_a1_exit_priority blk=1 task=0 slot=38->-1 s=2.601/3.963 rem=1.361 spd=0.000 wait=1.9 gen=1
  V1 mode=1 act=3 reason=clear blk=-1 task=0 slot=20->-1 s=2.733/3.955 rem=1.222 spd=0.142 wait=0.0 gen=1
  V2 mode=1 act=3 reason=clear blk=-1 task=0 slot=36->-1 s=1.004/3.743 rem=2.739 spd=0.200 wait=0.0 gen=1
tick=169
  V0 mode=1 act=0 reason=future_a1_exit_priority blk=1 task=0 slot=38->-1 s=2.601/3.963 rem=1.361 spd=0.000 wait=2.0 gen=1
  V1 mode=1 act=3 reason=clear blk=-1 task=0 slot=20->-1 s=2.747/3.955 rem=1.208 spd=0.143 wait=0.0 gen=1
  V2 mode=1 act=3 reason=clear blk=-1 task=0 slot=36->-1 s=1.024/3.743 rem=2.719 spd=0.200 wait=0.0 gen=1
tick=170
  V0 mode=1 act=0 reason=future_a1_exit_priority blk=1 task=0 slot=38->-1 s=2.601/3.963 rem=1.361 spd=0.000 wait=2.1 gen=1
  V1 mode=1 act=3 reason=clear blk=-1 task=0 slot=20->-1 s=2.761/3.955 rem=1.193 spd=0.144 wait=0.0 gen=1
  V2 mode=1 act=3 reason=clear blk=-1 task=0 slot=36->-1 s=1.044/3.743 rem=2.699 spd=0.200 wait=0.0 gen=1
tick=171
  V0 mode=1 act=0 reason=future_a1_exit_priority blk=1 task=0 slot=38->-1 s=2.601/3.963 rem=1.361 spd=0.000 wait=2.2 gen=1
  V1 mode=1 act=3 reason=clear blk=-1 task=0 slot=20->-1 s=2.776/3.955 rem=1.179 spd=0.146 wait=0.0 gen=1
  V2 mode=1 act=3 reason=clear blk=-1 task=0 slot=36->-1 s=1.064/3.743 rem=2.679 spd=0.200 wait=0.0 gen=1
tick=172
  V0 mode=1 act=0 reason=future_a1_exit_priority blk=1 task=0 slot=38->-1 s=2.601/3.963 rem=1.361 spd=0.000 wait=2.3 gen=1
  V1 mode=1 act=3 reason=clear blk=-1 task=0 slot=20->-1 s=2.791/3.955 rem=1.164 spd=0.150 wait=0.0 gen=1
  V2 mode=1 act=3 reason=clear blk=-1 task=0 slot=36->-1 s=1.084/3.743 rem=2.659 spd=0.200 wait=0.0 gen=1
tick=173
  V0 mode=1 act=0 reason=future_a1_exit_priority blk=1 task=0 slot=38->-1 s=2.601/3.963 rem=1.361 spd=0.000 wait=2.4 gen=1
  V1 mode=1 act=3 reason=clear blk=-1 task=0 slot=20->-1 s=2.807/3.955 rem=1.148 spd=0.157 wait=0.0 gen=1
  V2 mode=1 act=3 reason=clear blk=-1 task=0 slot=36->-1 s=1.104/3.743 rem=2.639 spd=0.200 wait=0.0 gen=1
tick=174
  V0 mode=1 act=0 reason=future_a1_exit_priority blk=1 task=0 slot=38->-1 s=2.601/3.963 rem=1.361 spd=0.000 wait=2.5 gen=1
  V1 mode=1 act=3 reason=clear blk=-1 task=0 slot=20->-1 s=2.823/3.955 rem=1.131 spd=0.167 wait=0.0 gen=1
  V2 mode=1 act=3 reason=clear blk=-1 task=0 slot=36->-1 s=1.124/3.743 rem=2.619 spd=0.200 wait=0.0 gen=1
tick=175
  V0 mode=1 act=0 reason=future_a1_exit_priority blk=1 task=0 slot=38->-1 s=2.601/3.963 rem=1.361 spd=0.000 wait=2.6 gen=1
  V1 mode=1 act=3 reason=clear blk=-1 task=0 slot=20->-1 s=2.841/3.955 rem=1.114 spd=0.179 wait=0.0 gen=1
  V2 mode=1 act=3 reason=clear blk=-1 task=0 slot=36->-1 s=1.144/3.743 rem=2.599 spd=0.200 wait=0.0 gen=1
tick=176
  V0 mode=1 act=0 reason=future_a1_exit_priority blk=1 task=0 slot=38->-1 s=2.601/3.963 rem=1.361 spd=0.000 wait=2.7 gen=1
  V1 mode=1 act=3 reason=clear blk=-1 task=0 slot=20->-1 s=2.861/3.955 rem=1.094 spd=0.197 wait=0.0 gen=1
  V2 mode=1 act=3 reason=clear blk=-1 task=0 slot=36->-1 s=1.164/3.743 rem=2.579 spd=0.200 wait=0.0 gen=1
tick=177
  V0 mode=1 act=0 reason=future_a1_exit_priority blk=1 task=0 slot=38->-1 s=2.601/3.963 rem=1.361 spd=0.000 wait=2.8 gen=1
  V1 mode=1 act=3 reason=clear blk=-1 task=0 slot=20->-1 s=2.881/3.955 rem=1.074 spd=0.200 wait=0.0 gen=1
  V2 mode=1 act=3 reason=clear blk=-1 task=0 slot=36->-1 s=1.184/3.743 rem=2.559 spd=0.200 wait=0.0 gen=1
tick=178
  V0 mode=1 act=0 reason=future_a1_exit_priority blk=1 task=0 slot=38->-1 s=2.601/3.963 rem=1.361 spd=0.000 wait=2.9 gen=1
  V1 mode=1 act=3 reason=clear blk=-1 task=0 slot=20->-1 s=2.901/3.955 rem=1.054 spd=0.200 wait=0.0 gen=1
  V2 mode=1 act=3 reason=clear blk=-1 task=0 slot=36->-1 s=1.204/3.743 rem=2.539 spd=0.200 wait=0.0 gen=1
tick=179
  V0 mode=1 act=0 reason=future_a1_exit_priority blk=1 task=0 slot=38->-1 s=2.601/3.963 rem=1.361 spd=0.000 wait=3.0 gen=1
  V1 mode=1 act=3 reason=clear blk=-1 task=0 slot=20->-1 s=2.921/3.955 rem=1.034 spd=0.200 wait=0.0 gen=1
  V2 mode=1 act=3 reason=clear blk=-1 task=0 slot=36->-1 s=1.224/3.743 rem=2.519 spd=0.200 wait=0.0 gen=1
tick=180
  V0 mode=1 act=0 reason=future_a1_exit_priority blk=1 task=0 slot=38->-1 s=2.601/3.963 rem=1.361 spd=0.000 wait=3.1 gen=1
  V1 mode=1 act=3 reason=clear blk=-1 task=0 slot=20->-1 s=2.941/3.955 rem=1.014 spd=0.200 wait=0.0 gen=1
  V2 mode=1 act=3 reason=clear blk=-1 task=0 slot=36->-1 s=1.244/3.743 rem=2.499 spd=0.200 wait=0.0 gen=1
tick=181
  V0 mode=1 act=0 reason=future_a1_exit_priority blk=1 task=0 slot=38->-1 s=2.601/3.963 rem=1.361 spd=0.000 wait=3.2 gen=1
  V1 mode=1 act=3 reason=clear blk=-1 task=0 slot=20->-1 s=2.961/3.955 rem=0.994 spd=0.200 wait=0.0 gen=1
  V2 mode=1 act=3 reason=clear blk=-1 task=0 slot=36->-1 s=1.264/3.743 rem=2.479 spd=0.200 wait=0.0 gen=1
tick=182
  V0 mode=1 act=0 reason=future_a1_exit_priority blk=1 task=0 slot=38->-1 s=2.601/3.963 rem=1.361 spd=0.000 wait=3.3 gen=1
  V1 mode=1 act=3 reason=clear blk=-1 task=0 slot=20->-1 s=2.981/3.955 rem=0.974 spd=0.200 wait=0.0 gen=1
  V2 mode=1 act=3 reason=clear blk=-1 task=0 slot=36->-1 s=1.284/3.743 rem=2.459 spd=0.200 wait=0.0 gen=1
tick=183
  V0 mode=1 act=0 reason=future_a1_exit_priority blk=1 task=0 slot=38->-1 s=2.601/3.963 rem=1.361 spd=0.000 wait=3.4 gen=1
  V1 mode=1 act=3 reason=clear blk=-1 task=0 slot=20->-1 s=3.001/3.955 rem=0.954 spd=0.200 wait=0.0 gen=1
  V2 mode=1 act=3 reason=clear blk=-1 task=0 slot=36->-1 s=1.304/3.743 rem=2.439 spd=0.200 wait=0.0 gen=1
tick=184
  V0 mode=1 act=0 reason=future_a1_exit_priority blk=1 task=0 slot=38->-1 s=2.601/3.963 rem=1.361 spd=0.000 wait=3.5 gen=1
  V1 mode=1 act=3 reason=clear blk=-1 task=0 slot=20->-1 s=3.021/3.955 rem=0.934 spd=0.200 wait=0.0 gen=1
  V2 mode=1 act=3 reason=clear blk=-1 task=0 slot=36->-1 s=1.324/3.743 rem=2.419 spd=0.200 wait=0.0 gen=1
tick=185
  V0 mode=1 act=0 reason=future_a1_exit_priority blk=1 task=0 slot=38->-1 s=2.601/3.963 rem=1.361 spd=0.000 wait=3.6 gen=1
  V1 mode=1 act=3 reason=clear blk=-1 task=0 slot=20->-1 s=3.041/3.955 rem=0.914 spd=0.200 wait=0.0 gen=1
  V2 mode=1 act=3 reason=clear blk=-1 task=0 slot=36->-1 s=1.344/3.743 rem=2.399 spd=0.200 wait=0.0 gen=1
tick=186
  V0 mode=1 act=0 reason=future_a1_exit_priority blk=1 task=0 slot=38->-1 s=2.601/3.963 rem=1.361 spd=0.000 wait=3.7 gen=1
  V1 mode=1 act=3 reason=clear blk=-1 task=0 slot=20->-1 s=3.061/3.955 rem=0.894 spd=0.200 wait=0.0 gen=1
  V2 mode=1 act=3 reason=clear blk=-1 task=0 slot=36->-1 s=1.364/3.743 rem=2.379 spd=0.200 wait=0.0 gen=1
tick=187
  V0 mode=1 act=0 reason=future_a1_exit_priority blk=1 task=0 slot=38->-1 s=2.601/3.963 rem=1.361 spd=0.000 wait=3.8 gen=1
  V1 mode=1 act=3 reason=clear blk=-1 task=0 slot=20->-1 s=3.081/3.955 rem=0.874 spd=0.200 wait=0.0 gen=1
  V2 mode=1 act=3 reason=clear blk=-1 task=0 slot=36->-1 s=1.384/3.743 rem=2.359 spd=0.200 wait=0.0 gen=1
tick=188
  V0 mode=1 act=0 reason=future_a1_exit_priority blk=1 task=0 slot=38->-1 s=2.601/3.963 rem=1.361 spd=0.000 wait=3.9 gen=1
  V1 mode=1 act=3 reason=clear blk=-1 task=0 slot=20->-1 s=3.101/3.955 rem=0.854 spd=0.200 wait=0.0 gen=1
  V2 mode=1 act=3 reason=clear blk=-1 task=0 slot=36->-1 s=1.404/3.743 rem=2.339 spd=0.200 wait=0.0 gen=1
tick=189
  V0 mode=1 act=0 reason=future_a1_exit_priority blk=1 task=0 slot=38->-1 s=2.601/3.963 rem=1.361 spd=0.000 wait=4.0 gen=1
  V1 mode=1 act=3 reason=clear blk=-1 task=0 slot=20->-1 s=3.121/3.955 rem=0.834 spd=0.200 wait=0.0 gen=1
  V2 mode=1 act=3 reason=clear blk=-1 task=0 slot=36->-1 s=1.424/3.743 rem=2.319 spd=0.200 wait=0.0 gen=1
tick=190
  V0 mode=1 act=0 reason=future_a1_exit_priority blk=1 task=0 slot=38->-1 s=2.601/3.963 rem=1.361 spd=0.000 wait=4.1 gen=1
  V1 mode=1 act=3 reason=clear blk=-1 task=0 slot=20->-1 s=3.141/3.955 rem=0.814 spd=0.200 wait=0.0 gen=1
  V2 mode=1 act=3 reason=clear blk=-1 task=0 slot=36->-1 s=1.444/3.743 rem=2.299 spd=0.200 wait=0.0 gen=1
tick=191
  V0 mode=1 act=0 reason=future_a1_exit_priority blk=1 task=0 slot=38->-1 s=2.601/3.963 rem=1.361 spd=0.000 wait=4.2 gen=1
  V1 mode=1 act=3 reason=clear blk=-1 task=0 slot=20->-1 s=3.161/3.955 rem=0.794 spd=0.200 wait=0.0 gen=1
  V2 mode=1 act=3 reason=clear blk=-1 task=0 slot=36->-1 s=1.464/3.743 rem=2.279 spd=0.200 wait=0.0 gen=1
tick=192
  V0 mode=1 act=0 reason=future_a1_exit_priority blk=1 task=0 slot=38->-1 s=2.601/3.963 rem=1.361 spd=0.000 wait=4.3 gen=1
  V1 mode=1 act=3 reason=clear blk=-1 task=0 slot=20->-1 s=3.181/3.955 rem=0.774 spd=0.200 wait=0.0 gen=1
  V2 mode=1 act=3 reason=clear blk=-1 task=0 slot=36->-1 s=1.484/3.743 rem=2.259 spd=0.200 wait=0.0 gen=1
tick=193
  V0 mode=1 act=0 reason=future_a1_exit_priority blk=1 task=0 slot=38->-1 s=2.601/3.963 rem=1.361 spd=0.000 wait=4.4 gen=1
  V1 mode=1 act=3 reason=clear blk=-1 task=0 slot=20->-1 s=3.201/3.955 rem=0.754 spd=0.200 wait=0.0 gen=1
  V2 mode=1 act=3 reason=clear blk=-1 task=0 slot=36->-1 s=1.504/3.743 rem=2.239 spd=0.200 wait=0.0 gen=1
tick=194
  V0 mode=1 act=0 reason=future_a1_exit_priority blk=1 task=0 slot=38->-1 s=2.601/3.963 rem=1.361 spd=0.000 wait=4.5 gen=1
  V1 mode=1 act=3 reason=clear blk=-1 task=0 slot=20->-1 s=3.221/3.955 rem=0.734 spd=0.200 wait=0.0 gen=1
  V2 mode=1 act=3 reason=clear blk=-1 task=0 slot=36->-1 s=1.524/3.743 rem=2.219 spd=0.200 wait=0.0 gen=1
tick=195
  V0 mode=1 act=0 reason=future_a1_exit_priority blk=1 task=0 slot=38->-1 s=2.601/3.963 rem=1.361 spd=0.000 wait=4.6 gen=1
  V1 mode=1 act=3 reason=clear blk=-1 task=0 slot=20->-1 s=3.241/3.955 rem=0.714 spd=0.200 wait=0.0 gen=1
  V2 mode=1 act=3 reason=clear blk=-1 task=0 slot=36->-1 s=1.544/3.743 rem=2.199 spd=0.200 wait=0.0 gen=1
tick=196
  V0 mode=1 act=0 reason=future_a1_exit_priority blk=1 task=0 slot=38->-1 s=2.601/3.963 rem=1.361 spd=0.000 wait=4.7 gen=1
  V1 mode=1 act=3 reason=clear blk=-1 task=0 slot=20->-1 s=3.261/3.955 rem=0.694 spd=0.200 wait=0.0 gen=1
  V2 mode=1 act=3 reason=clear blk=-1 task=0 slot=36->-1 s=1.564/3.743 rem=2.179 spd=0.200 wait=0.0 gen=1
tick=197
  V0 mode=1 act=0 reason=future_a1_exit_priority blk=1 task=0 slot=38->-1 s=2.601/3.963 rem=1.361 spd=0.000 wait=4.8 gen=1
  V1 mode=1 act=3 reason=clear blk=-1 task=0 slot=20->-1 s=3.281/3.955 rem=0.674 spd=0.200 wait=0.0 gen=1
  V2 mode=1 act=3 reason=clear blk=-1 task=0 slot=36->-1 s=1.584/3.743 rem=2.159 spd=0.200 wait=0.0 gen=1
tick=198
  V0 mode=1 act=0 reason=future_a1_exit_priority blk=1 task=0 slot=38->-1 s=2.601/3.963 rem=1.361 spd=0.000 wait=4.9 gen=1
  V1 mode=1 act=3 reason=clear blk=-1 task=0 slot=20->-1 s=3.300/3.955 rem=0.655 spd=0.189 wait=0.0 gen=1
  V2 mode=1 act=3 reason=clear blk=-1 task=0 slot=36->-1 s=1.604/3.743 rem=2.139 spd=0.200 wait=0.0 gen=1
tick=199
  V0 mode=1 act=0 reason=future_a1_exit_priority blk=1 task=0 slot=38->-1 s=2.601/3.963 rem=1.361 spd=0.000 wait=5.0 gen=1
  V1 mode=1 act=3 reason=clear blk=-1 task=0 slot=20->-1 s=3.318/3.955 rem=0.637 spd=0.179 wait=0.0 gen=1
  V2 mode=1 act=3 reason=clear blk=-1 task=0 slot=36->-1 s=1.624/3.743 rem=2.120 spd=0.197 wait=0.0 gen=1
tick=200
  V0 mode=1 act=0 reason=future_a1_exit_priority blk=1 task=0 slot=38->-1 s=2.601/3.963 rem=1.361 spd=0.000 wait=5.1 gen=1
  V1 mode=1 act=3 reason=clear blk=-1 task=0 slot=20->-1 s=3.335/3.955 rem=0.620 spd=0.171 wait=0.0 gen=1
  V2 mode=1 act=3 reason=clear blk=-1 task=0 slot=36->-1 s=1.642/3.743 rem=2.101 spd=0.185 wait=0.0 gen=1
tick=201
  V0 mode=1 act=0 reason=future_a1_exit_priority blk=1 task=0 slot=38->-1 s=2.601/3.963 rem=1.361 spd=0.000 wait=5.2 gen=1
  V1 mode=1 act=3 reason=clear blk=-1 task=0 slot=20->-1 s=3.351/3.955 rem=0.603 spd=0.164 wait=0.0 gen=1
  V2 mode=1 act=3 reason=clear blk=-1 task=0 slot=36->-1 s=1.660/3.743 rem=2.084 spd=0.176 wait=0.0 gen=1
tick=202
  V0 mode=1 act=0 reason=future_a1_exit_priority blk=1 task=0 slot=38->-1 s=2.601/3.963 rem=1.361 spd=0.000 wait=5.3 gen=1
  V1 mode=1 act=3 reason=clear blk=-1 task=0 slot=20->-1 s=3.367/3.955 rem=0.588 spd=0.159 wait=0.0 gen=1
  V2 mode=1 act=3 reason=clear blk=-1 task=0 slot=36->-1 s=1.677/3.743 rem=2.067 spd=0.169 wait=0.0 gen=1
tick=203
  V0 mode=1 act=0 reason=future_a1_exit_priority blk=1 task=0 slot=38->-1 s=2.601/3.963 rem=1.361 spd=0.000 wait=5.4 gen=1
  V1 mode=1 act=3 reason=clear blk=-1 task=0 slot=20->-1 s=3.383/3.955 rem=0.572 spd=0.154 wait=0.0 gen=1
  V2 mode=1 act=3 reason=clear blk=-1 task=0 slot=36->-1 s=1.693/3.743 rem=2.050 spd=0.162 wait=0.0 gen=1
tick=204
  V0 mode=1 act=0 reason=future_a1_exit_priority blk=1 task=0 slot=38->-1 s=2.601/3.963 rem=1.361 spd=0.000 wait=5.5 gen=1
  V1 mode=1 act=3 reason=clear blk=-1 task=0 slot=20->-1 s=3.397/3.955 rem=0.557 spd=0.149 wait=0.0 gen=1
  V2 mode=1 act=3 reason=clear blk=-1 task=0 slot=36->-1 s=1.708/3.743 rem=2.035 spd=0.157 wait=0.0 gen=1
tick=205
  V0 mode=1 act=0 reason=future_a1_exit_priority blk=1 task=0 slot=38->-1 s=2.601/3.963 rem=1.361 spd=0.000 wait=5.6 gen=1
  V1 mode=1 act=3 reason=clear blk=-1 task=0 slot=20->-1 s=3.412/3.955 rem=0.543 spd=0.146 wait=0.0 gen=1
  V2 mode=1 act=3 reason=clear blk=-1 task=0 slot=36->-1 s=1.724/3.743 rem=2.020 spd=0.152 wait=0.0 gen=1
tick=206
  V0 mode=1 act=0 reason=future_a1_exit_priority blk=1 task=0 slot=38->-1 s=2.601/3.963 rem=1.361 spd=0.000 wait=5.7 gen=1
  V1 mode=1 act=3 reason=clear blk=-1 task=0 slot=20->-1 s=3.426/3.955 rem=0.528 spd=0.144 wait=0.0 gen=1
  V2 mode=1 act=3 reason=clear blk=-1 task=0 slot=36->-1 s=1.738/3.743 rem=2.005 spd=0.148 wait=0.0 gen=1
tick=207
  V0 mode=1 act=0 reason=future_a1_exit_priority blk=1 task=0 slot=38->-1 s=2.601/3.963 rem=1.361 spd=0.000 wait=5.8 gen=1
  V1 mode=1 act=3 reason=clear blk=-1 task=0 slot=20->-1 s=3.441/3.955 rem=0.514 spd=0.143 wait=0.0 gen=1
  V2 mode=1 act=3 reason=clear blk=-1 task=0 slot=36->-1 s=1.753/3.743 rem=1.990 spd=0.145 wait=0.0 gen=1
tick=208
  V0 mode=1 act=0 reason=future_a1_exit_priority blk=1 task=0 slot=38->-1 s=2.601/3.963 rem=1.361 spd=0.000 wait=5.9 gen=1
  V1 mode=1 act=3 reason=clear blk=-1 task=0 slot=20->-1 s=3.455/3.955 rem=0.500 spd=0.143 wait=0.0 gen=1
  V2 mode=1 act=3 reason=clear blk=-1 task=0 slot=36->-1 s=1.767/3.743 rem=1.976 spd=0.143 wait=0.0 gen=1
tick=209
  V0 mode=1 act=0 reason=future_a1_exit_priority blk=1 task=0 slot=38->-1 s=2.601/3.963 rem=1.361 spd=0.000 wait=6.0 gen=1
  V1 mode=1 act=3 reason=clear blk=-1 task=0 slot=20->-1 s=3.469/3.955 rem=0.485 spd=0.142 wait=0.0 gen=1
  V2 mode=1 act=3 reason=clear blk=-1 task=0 slot=36->-1 s=1.782/3.743 rem=1.962 spd=0.143 wait=0.0 gen=1
tick=210
  V0 mode=1 act=0 reason=future_a1_exit_priority blk=1 task=0 slot=38->-1 s=2.601/3.963 rem=1.361 spd=0.000 wait=6.1 gen=1
  V1 mode=1 act=3 reason=clear blk=-1 task=0 slot=20->-1 s=3.484/3.955 rem=0.471 spd=0.142 wait=0.0 gen=1
  V2 mode=1 act=3 reason=clear blk=-1 task=0 slot=36->-1 s=1.796/3.743 rem=1.947 spd=0.142 wait=0.0 gen=1
tick=211
  V0 mode=1 act=0 reason=future_a1_exit_priority blk=1 task=0 slot=38->-1 s=2.601/3.963 rem=1.361 spd=0.000 wait=6.2 gen=1
  V1 mode=1 act=3 reason=clear blk=-1 task=0 slot=20->-1 s=3.498/3.955 rem=0.457 spd=0.142 wait=0.0 gen=1
  V2 mode=1 act=3 reason=clear blk=-1 task=0 slot=36->-1 s=1.810/3.743 rem=1.933 spd=0.142 wait=0.0 gen=1
tick=212
  V0 mode=1 act=0 reason=future_a1_exit_priority blk=1 task=0 slot=38->-1 s=2.601/3.963 rem=1.361 spd=0.000 wait=6.3 gen=1
  V1 mode=1 act=3 reason=clear blk=-1 task=0 slot=20->-1 s=3.512/3.955 rem=0.443 spd=0.142 wait=0.0 gen=1
  V2 mode=1 act=3 reason=clear blk=-1 task=0 slot=36->-1 s=1.824/3.743 rem=1.919 spd=0.142 wait=0.0 gen=1
tick=213
  V0 mode=1 act=0 reason=future_a1_exit_priority blk=1 task=0 slot=38->-1 s=2.601/3.963 rem=1.361 spd=0.000 wait=6.4 gen=1
  V1 mode=1 act=3 reason=clear blk=-1 task=0 slot=20->-1 s=3.526/3.955 rem=0.429 spd=0.142 wait=0.0 gen=1
  V2 mode=1 act=3 reason=clear blk=-1 task=0 slot=36->-1 s=1.839/3.743 rem=1.905 spd=0.142 wait=0.0 gen=1
tick=214
  V0 mode=1 act=0 reason=future_a1_exit_priority blk=1 task=0 slot=38->-1 s=2.601/3.963 rem=1.361 spd=0.000 wait=6.5 gen=1
  V1 mode=1 act=3 reason=clear blk=-1 task=0 slot=20->-1 s=3.541/3.955 rem=0.414 spd=0.142 wait=0.0 gen=1
  V2 mode=1 act=3 reason=clear blk=-1 task=0 slot=36->-1 s=1.853/3.743 rem=1.890 spd=0.142 wait=0.0 gen=1
tick=215
  V0 mode=1 act=0 reason=future_a1_exit_priority blk=1 task=0 slot=38->-1 s=2.601/3.963 rem=1.361 spd=0.000 wait=6.6 gen=1
  V1 mode=1 act=3 reason=clear blk=-1 task=0 slot=20->-1 s=3.555/3.955 rem=0.400 spd=0.142 wait=0.0 gen=1
  V2 mode=1 act=3 reason=clear blk=-1 task=0 slot=36->-1 s=1.867/3.743 rem=1.876 spd=0.142 wait=0.0 gen=1
tick=216
  V0 mode=1 act=0 reason=future_a1_exit_priority blk=1 task=0 slot=38->-1 s=2.601/3.963 rem=1.361 spd=0.000 wait=6.7 gen=1
  V1 mode=1 act=3 reason=clear blk=-1 task=0 slot=20->-1 s=3.569/3.955 rem=0.386 spd=0.142 wait=0.0 gen=1
  V2 mode=1 act=3 reason=clear blk=-1 task=0 slot=36->-1 s=1.881/3.743 rem=1.862 spd=0.142 wait=0.0 gen=1
tick=217
  V0 mode=1 act=0 reason=future_a1_exit_priority blk=1 task=0 slot=38->-1 s=2.601/3.963 rem=1.361 spd=0.000 wait=6.8 gen=1
  V1 mode=1 act=3 reason=clear blk=-1 task=0 slot=20->-1 s=3.583/3.955 rem=0.372 spd=0.142 wait=0.0 gen=1
  V2 mode=1 act=3 reason=clear blk=-1 task=0 slot=36->-1 s=1.896/3.743 rem=1.848 spd=0.142 wait=0.0 gen=1
tick=218
  V0 mode=1 act=0 reason=future_a1_exit_priority blk=1 task=0 slot=38->-1 s=2.601/3.963 rem=1.361 spd=0.000 wait=6.9 gen=1
  V1 mode=1 act=3 reason=clear blk=-1 task=0 slot=20->-1 s=3.597/3.955 rem=0.357 spd=0.142 wait=0.0 gen=1
  V2 mode=1 act=3 reason=clear blk=-1 task=0 slot=36->-1 s=1.910/3.743 rem=1.833 spd=0.142 wait=0.0 gen=1
tick=219
  V0 mode=1 act=0 reason=future_a1_exit_priority blk=1 task=0 slot=38->-1 s=2.601/3.963 rem=1.361 spd=0.000 wait=7.0 gen=1
  V1 mode=1 act=3 reason=clear blk=-1 task=0 slot=20->-1 s=3.612/3.955 rem=0.343 spd=0.142 wait=0.0 gen=1
  V2 mode=1 act=3 reason=clear blk=-1 task=0 slot=36->-1 s=1.924/3.743 rem=1.819 spd=0.142 wait=0.0 gen=1
tick=220
  V0 mode=1 act=0 reason=future_a1_exit_priority blk=1 task=0 slot=38->-1 s=2.601/3.963 rem=1.361 spd=0.000 wait=7.1 gen=1
  V1 mode=1 act=3 reason=clear blk=-1 task=0 slot=20->-1 s=3.626/3.955 rem=0.329 spd=0.143 wait=0.0 gen=1
  V2 mode=1 act=3 reason=clear blk=-1 task=0 slot=36->-1 s=1.938/3.743 rem=1.805 spd=0.142 wait=0.0 gen=1
tick=221
  V0 mode=1 act=0 reason=future_a1_exit_priority blk=1 task=0 slot=38->-1 s=2.601/3.963 rem=1.361 spd=0.000 wait=7.2 gen=1
  V1 mode=1 act=3 reason=clear blk=-1 task=0 slot=20->-1 s=3.640/3.955 rem=0.314 spd=0.143 wait=0.0 gen=1
  V2 mode=1 act=3 reason=clear blk=-1 task=0 slot=36->-1 s=1.953/3.743 rem=1.791 spd=0.142 wait=0.0 gen=1
tick=222
  V0 mode=1 act=0 reason=future_a1_exit_priority blk=1 task=0 slot=38->-1 s=2.601/3.963 rem=1.361 spd=0.000 wait=7.3 gen=1
  V1 mode=1 act=3 reason=clear blk=-1 task=0 slot=20->-1 s=3.655/3.955 rem=0.300 spd=0.144 wait=0.0 gen=1
  V2 mode=1 act=3 reason=clear blk=-1 task=0 slot=36->-1 s=1.967/3.743 rem=1.776 spd=0.143 wait=0.0 gen=1
tick=223
  V0 mode=1 act=0 reason=future_a1_exit_priority blk=1 task=0 slot=38->-1 s=2.601/3.963 rem=1.361 spd=0.000 wait=7.4 gen=1
  V1 mode=1 act=3 reason=clear blk=-1 task=0 slot=20->-1 s=3.669/3.955 rem=0.285 spd=0.146 wait=0.0 gen=1
  V2 mode=1 act=3 reason=clear blk=-1 task=0 slot=36->-1 s=1.981/3.743 rem=1.762 spd=0.143 wait=0.0 gen=1
tick=224
  V0 mode=1 act=0 reason=future_a1_exit_priority blk=1 task=0 slot=38->-1 s=2.601/3.963 rem=1.361 spd=0.000 wait=7.5 gen=1
  V1 mode=1 act=3 reason=clear blk=-1 task=0 slot=20->-1 s=3.684/3.955 rem=0.271 spd=0.149 wait=0.0 gen=1
  V2 mode=1 act=3 reason=clear blk=-1 task=0 slot=36->-1 s=1.996/3.743 rem=1.748 spd=0.145 wait=0.0 gen=1
tick=225
  V0 mode=1 act=0 reason=future_a1_exit_priority blk=1 task=0 slot=38->-1 s=2.601/3.963 rem=1.361 spd=0.000 wait=7.6 gen=1
  V1 mode=1 act=3 reason=clear blk=-1 task=0 slot=20->-1 s=3.700/3.955 rem=0.255 spd=0.153 wait=0.0 gen=1
  V2 mode=1 act=3 reason=clear blk=-1 task=0 slot=36->-1 s=2.010/3.743 rem=1.733 spd=0.147 wait=0.0 gen=1
tick=226
  V0 mode=1 act=0 reason=future_a1_exit_priority blk=1 task=0 slot=38->-1 s=2.601/3.963 rem=1.361 spd=0.000 wait=7.7 gen=1
  V1 mode=1 act=3 reason=clear blk=-1 task=0 slot=20->-1 s=3.715/3.955 rem=0.239 spd=0.158 wait=0.0 gen=1
  V2 mode=1 act=3 reason=clear blk=-1 task=0 slot=36->-1 s=2.025/3.743 rem=1.718 spd=0.150 wait=0.0 gen=1
tick=227
  V0 mode=1 act=0 reason=future_a1_exit_priority blk=1 task=0 slot=38->-1 s=2.601/3.963 rem=1.361 spd=0.000 wait=7.8 gen=1
  V1 mode=1 act=3 reason=clear blk=-1 task=0 slot=20->-1 s=3.732/3.955 rem=0.223 spd=0.163 wait=0.0 gen=1
  V2 mode=1 act=3 reason=clear blk=-1 task=0 slot=36->-1 s=2.041/3.743 rem=1.702 spd=0.155 wait=0.0 gen=1
tick=228
  V0 mode=1 act=0 reason=future_a1_exit_priority blk=1 task=0 slot=38->-1 s=2.601/3.963 rem=1.361 spd=0.000 wait=7.9 gen=1
  V1 mode=1 act=3 reason=clear blk=-1 task=0 slot=20->-1 s=3.749/3.955 rem=0.206 spd=0.170 wait=0.0 gen=1
  V2 mode=1 act=3 reason=clear blk=-1 task=0 slot=36->-1 s=2.057/3.743 rem=1.686 spd=0.160 wait=0.0 gen=1
tick=229
  V0 mode=1 act=0 reason=future_a1_exit_priority blk=1 task=0 slot=38->-1 s=2.601/3.963 rem=1.361 spd=0.000 wait=8.0 gen=1
  V1 mode=1 act=3 reason=clear blk=-1 task=0 slot=20->-1 s=3.766/3.955 rem=0.188 spd=0.177 wait=0.0 gen=1
  V2 mode=1 act=3 reason=clear blk=-1 task=0 slot=36->-1 s=2.073/3.743 rem=1.670 spd=0.165 wait=0.0 gen=1
tick=230
  V0 mode=1 act=0 reason=future_a1_exit_priority blk=1 task=0 slot=38->-1 s=2.601/3.963 rem=1.361 spd=0.000 wait=8.1 gen=1
  V1 mode=1 act=3 reason=clear blk=-1 task=0 slot=20->-1 s=3.785/3.955 rem=0.170 spd=0.186 wait=0.0 gen=1
  V2 mode=1 act=3 reason=clear blk=-1 task=0 slot=36->-1 s=2.090/3.743 rem=1.653 spd=0.172 wait=0.0 gen=1
tick=231
  V0 mode=1 act=0 reason=future_a1_exit_priority blk=1 task=0 slot=38->-1 s=2.601/3.963 rem=1.361 spd=0.000 wait=8.2 gen=1
  V1 mode=1 act=3 reason=clear blk=-1 task=0 slot=20->-1 s=3.805/3.955 rem=0.150 spd=0.197 wait=0.0 gen=1
  V2 mode=1 act=3 reason=clear blk=-1 task=0 slot=36->-1 s=2.108/3.743 rem=1.635 spd=0.180 wait=0.0 gen=1
tick=232
  V0 mode=1 act=0 reason=future_a1_exit_priority blk=1 task=0 slot=38->-1 s=2.601/3.963 rem=1.361 spd=0.000 wait=8.3 gen=1
  V1 mode=1 act=3 reason=clear blk=-1 task=0 slot=20->-1 s=3.825/3.955 rem=0.130 spd=0.200 wait=0.0 gen=1
  V2 mode=1 act=3 reason=clear blk=-1 task=0 slot=36->-1 s=2.127/3.743 rem=1.616 spd=0.189 wait=0.0 gen=1
tick=233
  V0 mode=1 act=0 reason=hard_collision_guard blk=-1 task=0 slot=38->-1 s=2.601/3.963 rem=1.361 spd=0.000 wait=8.4 gen=1
  V1 mode=1 act=3 reason=clear blk=-1 task=0 slot=20->-1 s=3.845/3.955 rem=0.110 spd=0.200 wait=0.0 gen=1
  V2 mode=1 act=0 reason=hard_collision_guard blk=-1 task=0 slot=36->-1 s=2.127/3.743 rem=1.616 spd=0.000 wait=0.1 gen=1
