[FIRST-COLLISION] @tick=107373 sim_t=10737s 涉及对=[V0-V1 ]

========== FIRST-COLLISION 前 80 拍历史(看 gen 是否刚跳变=刚被脱困重置) ==========
tick=107294
  V0 mode=1 act=3 reason=clear blk=-1 task=135 slot=34->59 s=4.930/9.022 rem=4.092 spd=0.152 wait=0.0 gen=272
  V1 mode=1 act=1 reason=dynamic_speed_CREEP_V0 blk=0 task=135 slot=60->-1 s=0.046/6.067 rem=6.021 spd=0.050 wait=1.0 gen=271
tick=107295
  V0 mode=1 act=3 reason=clear blk=-1 task=135 slot=34->59 s=4.945/9.022 rem=4.077 spd=0.153 wait=0.0 gen=272
  V1 mode=1 act=1 reason=dynamic_speed_CREEP_V0 blk=0 task=135 slot=60->-1 s=0.051/6.067 rem=6.016 spd=0.050 wait=1.1 gen=271
tick=107296
  V0 mode=1 act=3 reason=clear blk=-1 task=135 slot=34->59 s=4.961/9.022 rem=4.061 spd=0.157 wait=0.0 gen=272
  V1 mode=1 act=1 reason=dynamic_speed_CREEP_V0 blk=0 task=135 slot=60->-1 s=0.056/6.067 rem=6.011 spd=0.050 wait=1.2 gen=271
tick=107297
  V0 mode=1 act=3 reason=clear blk=-1 task=135 slot=34->59 s=4.978/9.022 rem=4.045 spd=0.164 wait=0.0 gen=272
  V1 mode=1 act=1 reason=dynamic_speed_CREEP_V0 blk=0 task=135 slot=60->-1 s=0.061/6.067 rem=6.006 spd=0.050 wait=1.3 gen=271
tick=107298
  V0 mode=1 act=3 reason=clear blk=-1 task=135 slot=34->59 s=4.995/9.022 rem=4.027 spd=0.174 wait=0.0 gen=272
  V1 mode=1 act=1 reason=dynamic_speed_CREEP_V0 blk=0 task=135 slot=60->-1 s=0.066/6.067 rem=6.001 spd=0.050 wait=1.4 gen=271
tick=107299
  V0 mode=1 act=3 reason=clear blk=-1 task=135 slot=34->59 s=5.014/9.022 rem=4.008 spd=0.190 wait=0.0 gen=272
  V1 mode=1 act=1 reason=dynamic_speed_CREEP_V0 blk=0 task=135 slot=60->-1 s=0.071/6.067 rem=5.996 spd=0.050 wait=1.5 gen=271
tick=107300
  V0 mode=1 act=3 reason=clear blk=-1 task=135 slot=34->59 s=5.034/9.022 rem=3.988 spd=0.200 wait=0.0 gen=272
  V1 mode=1 act=1 reason=dynamic_speed_CREEP_V0 blk=0 task=135 slot=60->-1 s=0.076/6.067 rem=5.991 spd=0.050 wait=1.6 gen=271
tick=107301
  V0 mode=1 act=3 reason=clear blk=-1 task=135 slot=34->59 s=5.054/9.022 rem=3.968 spd=0.200 wait=0.0 gen=272
  V1 mode=1 act=1 reason=dynamic_speed_CREEP_V0 blk=0 task=135 slot=60->-1 s=0.081/6.067 rem=5.986 spd=0.050 wait=1.7 gen=271
tick=107302
  V0 mode=1 act=3 reason=clear blk=-1 task=135 slot=34->59 s=5.074/9.022 rem=3.948 spd=0.200 wait=0.0 gen=272
  V1 mode=1 act=1 reason=dynamic_speed_CREEP_V0 blk=0 task=135 slot=60->-1 s=0.086/6.067 rem=5.981 spd=0.050 wait=1.8 gen=271
tick=107303
  V0 mode=1 act=3 reason=clear blk=-1 task=135 slot=34->59 s=5.094/9.022 rem=3.928 spd=0.200 wait=0.0 gen=272
  V1 mode=1 act=1 reason=dynamic_speed_CREEP_V0 blk=0 task=135 slot=60->-1 s=0.091/6.067 rem=5.976 spd=0.050 wait=1.9 gen=271
tick=107304
  V0 mode=1 act=3 reason=clear blk=-1 task=135 slot=34->59 s=5.114/9.022 rem=3.908 spd=0.200 wait=0.0 gen=272
  V1 mode=1 act=1 reason=dynamic_speed_CREEP_V0 blk=0 task=135 slot=60->-1 s=0.096/6.067 rem=5.971 spd=0.050 wait=2.0 gen=271
tick=107305
  V0 mode=1 act=3 reason=clear blk=-1 task=135 slot=34->59 s=5.134/9.022 rem=3.888 spd=0.200 wait=0.0 gen=272
  V1 mode=1 act=2 reason=dynamic_speed_YIELD_V0 blk=0 task=135 slot=60->-1 s=0.103/6.067 rem=5.964 spd=0.070 wait=2.1 gen=271
tick=107306
  V0 mode=1 act=3 reason=clear blk=-1 task=135 slot=34->59 s=5.154/9.022 rem=3.868 spd=0.200 wait=0.0 gen=272
  V1 mode=1 act=2 reason=dynamic_speed_YIELD_V0 blk=0 task=135 slot=60->-1 s=0.112/6.067 rem=5.955 spd=0.090 wait=2.2 gen=271
tick=107307
  V0 mode=1 act=3 reason=clear blk=-1 task=135 slot=34->59 s=5.174/9.022 rem=3.848 spd=0.200 wait=0.0 gen=272
  V1 mode=1 act=2 reason=dynamic_speed_YIELD_V0 blk=0 task=135 slot=60->-1 s=0.122/6.067 rem=5.945 spd=0.100 wait=2.3 gen=271
tick=107308
  V0 mode=1 act=3 reason=clear blk=-1 task=135 slot=34->59 s=5.192/9.022 rem=3.830 spd=0.181 wait=0.0 gen=272
  V1 mode=1 act=2 reason=dynamic_speed_YIELD_V0 blk=0 task=135 slot=60->-1 s=0.132/6.067 rem=5.935 spd=0.100 wait=2.4 gen=271
tick=107309
  V0 mode=1 act=3 reason=clear blk=-1 task=135 slot=34->59 s=5.209/9.022 rem=3.814 spd=0.167 wait=0.0 gen=272
  V1 mode=1 act=2 reason=dynamic_speed_YIELD_V0 blk=0 task=135 slot=60->-1 s=0.142/6.067 rem=5.925 spd=0.100 wait=2.5 gen=271
tick=107310
  V0 mode=1 act=3 reason=clear blk=-1 task=135 slot=34->59 s=5.225/9.022 rem=3.798 spd=0.159 wait=0.0 gen=272
  V1 mode=1 act=2 reason=dynamic_speed_YIELD_V0 blk=0 task=135 slot=60->-1 s=0.152/6.067 rem=5.915 spd=0.100 wait=2.6 gen=271
tick=107311
  V0 mode=1 act=3 reason=clear blk=-1 task=135 slot=34->59 s=5.240/9.022 rem=3.782 spd=0.154 wait=0.0 gen=272
  V1 mode=1 act=2 reason=dynamic_speed_YIELD_V0 blk=0 task=135 slot=60->-1 s=0.162/6.067 rem=5.905 spd=0.100 wait=2.7 gen=271
tick=107312
  V0 mode=1 act=3 reason=clear blk=-1 task=135 slot=34->59 s=5.255/9.022 rem=3.767 spd=0.152 wait=0.0 gen=272
  V1 mode=1 act=2 reason=dynamic_speed_YIELD_V0 blk=0 task=135 slot=60->-1 s=0.172/6.067 rem=5.895 spd=0.100 wait=2.8 gen=271
tick=107313
  V0 mode=1 act=3 reason=clear blk=-1 task=135 slot=34->59 s=5.270/9.022 rem=3.752 spd=0.153 wait=0.0 gen=272
  V1 mode=1 act=2 reason=dynamic_speed_YIELD_V0 blk=0 task=135 slot=60->-1 s=0.182/6.067 rem=5.885 spd=0.100 wait=2.9 gen=271
tick=107314
  V0 mode=1 act=3 reason=clear blk=-1 task=135 slot=34->59 s=5.286/9.022 rem=3.736 spd=0.158 wait=0.0 gen=272
  V1 mode=1 act=2 reason=dynamic_speed_YIELD_V0 blk=0 task=135 slot=60->-1 s=0.192/6.067 rem=5.875 spd=0.100 wait=3.0 gen=271
tick=107315
  V0 mode=1 act=3 reason=clear blk=-1 task=135 slot=34->59 s=5.303/9.022 rem=3.719 spd=0.168 wait=0.0 gen=272
  V1 mode=1 act=2 reason=dynamic_speed_YIELD_V0 blk=0 task=135 slot=60->-1 s=0.202/6.067 rem=5.865 spd=0.100 wait=3.1 gen=271
tick=107316
  V0 mode=1 act=3 reason=clear blk=-1 task=135 slot=34->59 s=5.322/9.022 rem=3.700 spd=0.188 wait=0.0 gen=272
  V1 mode=1 act=2 reason=dynamic_speed_YIELD_V0 blk=0 task=135 slot=60->-1 s=0.212/6.067 rem=5.855 spd=0.100 wait=3.2 gen=271
tick=107317
  V0 mode=1 act=3 reason=clear blk=-1 task=135 slot=34->59 s=5.342/9.022 rem=3.680 spd=0.200 wait=0.0 gen=272
  V1 mode=1 act=2 reason=dynamic_speed_YIELD_V0 blk=0 task=135 slot=60->-1 s=0.222/6.067 rem=5.845 spd=0.100 wait=3.3 gen=271
tick=107318
  V0 mode=1 act=3 reason=clear blk=-1 task=135 slot=34->59 s=5.362/9.022 rem=3.660 spd=0.200 wait=0.0 gen=272
  V1 mode=1 act=2 reason=dynamic_speed_YIELD_V0 blk=0 task=135 slot=60->-1 s=0.232/6.067 rem=5.835 spd=0.100 wait=3.4 gen=271
tick=107319
  V0 mode=1 act=3 reason=clear blk=-1 task=135 slot=34->59 s=5.382/9.022 rem=3.640 spd=0.200 wait=0.0 gen=272
  V1 mode=1 act=2 reason=dynamic_speed_YIELD_V0 blk=0 task=135 slot=60->-1 s=0.242/6.067 rem=5.825 spd=0.100 wait=3.5 gen=271
tick=107320
  V0 mode=1 act=3 reason=clear blk=-1 task=135 slot=34->59 s=5.402/9.022 rem=3.620 spd=0.200 wait=0.0 gen=272
  V1 mode=1 act=2 reason=dynamic_speed_YIELD_V0 blk=0 task=135 slot=60->-1 s=0.252/6.067 rem=5.815 spd=0.100 wait=3.6 gen=271
tick=107321
  V0 mode=1 act=3 reason=clear blk=-1 task=135 slot=34->59 s=5.422/9.022 rem=3.600 spd=0.200 wait=0.0 gen=272
  V1 mode=1 act=2 reason=dynamic_speed_YIELD_V0 blk=0 task=135 slot=60->-1 s=0.262/6.067 rem=5.805 spd=0.100 wait=3.7 gen=271
tick=107322
  V0 mode=1 act=3 reason=clear blk=-1 task=135 slot=34->59 s=5.442/9.022 rem=3.580 spd=0.200 wait=0.0 gen=272
  V1 mode=1 act=2 reason=dynamic_speed_YIELD_V0 blk=0 task=135 slot=60->-1 s=0.272/6.067 rem=5.795 spd=0.100 wait=3.8 gen=271
tick=107323
  V0 mode=1 act=3 reason=clear blk=-1 task=135 slot=34->59 s=5.462/9.022 rem=3.560 spd=0.200 wait=0.0 gen=272
  V1 mode=1 act=2 reason=dynamic_speed_YIELD_V0 blk=0 task=135 slot=60->-1 s=0.282/6.067 rem=5.785 spd=0.100 wait=3.9 gen=271
tick=107324
  V0 mode=1 act=3 reason=clear blk=-1 task=135 slot=34->59 s=5.482/9.022 rem=3.540 spd=0.200 wait=0.0 gen=272
  V1 mode=1 act=2 reason=dynamic_speed_YIELD_V0 blk=0 task=135 slot=60->-1 s=0.292/6.067 rem=5.775 spd=0.100 wait=4.0 gen=271
tick=107325
  V0 mode=1 act=3 reason=clear blk=-1 task=135 slot=34->59 s=5.502/9.022 rem=3.520 spd=0.200 wait=0.0 gen=272
  V1 mode=1 act=3 reason=clear blk=-1 task=135 slot=60->-1 s=0.304/6.067 rem=5.763 spd=0.120 wait=0.0 gen=271
tick=107326
  V0 mode=1 act=3 reason=clear blk=-1 task=135 slot=34->59 s=5.522/9.022 rem=3.500 spd=0.200 wait=0.0 gen=272
  V1 mode=1 act=3 reason=clear blk=-1 task=135 slot=60->-1 s=0.318/6.067 rem=5.749 spd=0.140 wait=0.0 gen=271
tick=107327
  V0 mode=1 act=3 reason=clear blk=-1 task=135 slot=34->59 s=5.542/9.022 rem=3.480 spd=0.200 wait=0.0 gen=272
  V1 mode=1 act=3 reason=clear blk=-1 task=135 slot=60->-1 s=0.332/6.067 rem=5.735 spd=0.142 wait=0.0 gen=271
tick=107328
  V0 mode=1 act=3 reason=clear blk=-1 task=135 slot=34->59 s=5.562/9.022 rem=3.460 spd=0.200 wait=0.0 gen=272
  V1 mode=1 act=3 reason=clear blk=-1 task=135 slot=60->-1 s=0.346/6.067 rem=5.721 spd=0.142 wait=0.0 gen=271
tick=107329
  V0 mode=1 act=3 reason=clear blk=-1 task=135 slot=34->59 s=5.582/9.022 rem=3.440 spd=0.200 wait=0.0 gen=272
  V1 mode=1 act=3 reason=clear blk=-1 task=135 slot=60->-1 s=0.361/6.067 rem=5.706 spd=0.142 wait=0.0 gen=271
tick=107330
  V0 mode=1 act=3 reason=clear blk=-1 task=135 slot=34->59 s=5.602/9.022 rem=3.420 spd=0.200 wait=0.0 gen=272
  V1 mode=1 act=3 reason=clear blk=-1 task=135 slot=60->-1 s=0.375/6.067 rem=5.692 spd=0.142 wait=0.0 gen=271
tick=107331
  V0 mode=1 act=3 reason=clear blk=-1 task=135 slot=34->59 s=5.621/9.022 rem=3.401 spd=0.190 wait=0.0 gen=272
  V1 mode=1 act=3 reason=clear blk=-1 task=135 slot=60->-1 s=0.389/6.067 rem=5.678 spd=0.142 wait=0.0 gen=271
tick=107332
  V0 mode=1 act=3 reason=clear blk=-1 task=135 slot=34->59 s=5.639/9.022 rem=3.383 spd=0.181 wait=0.0 gen=272
  V1 mode=1 act=3 reason=clear blk=-1 task=135 slot=60->-1 s=0.403/6.067 rem=5.664 spd=0.142 wait=0.0 gen=271
tick=107333
  V0 mode=1 act=3 reason=clear blk=-1 task=135 slot=34->59 s=5.656/9.022 rem=3.366 spd=0.173 wait=0.0 gen=272
  V1 mode=1 act=3 reason=clear blk=-1 task=135 slot=60->-1 s=0.418/6.067 rem=5.650 spd=0.142 wait=0.0 gen=271
tick=107334
  V0 mode=1 act=3 reason=clear blk=-1 task=135 slot=34->59 s=5.673/9.022 rem=3.349 spd=0.166 wait=0.0 gen=272
  V1 mode=1 act=3 reason=clear blk=-1 task=135 slot=60->-1 s=0.432/6.067 rem=5.635 spd=0.142 wait=0.0 gen=271
tick=107335
  V0 mode=1 act=3 reason=clear blk=-1 task=135 slot=34->59 s=5.689/9.022 rem=3.333 spd=0.161 wait=0.0 gen=272
  V1 mode=1 act=3 reason=clear blk=-1 task=135 slot=60->-1 s=0.446/6.067 rem=5.621 spd=0.142 wait=0.0 gen=271
tick=107336
  V0 mode=1 act=3 reason=clear blk=-1 task=135 slot=34->59 s=5.704/9.022 rem=3.318 spd=0.156 wait=0.0 gen=272
  V1 mode=1 act=3 reason=clear blk=-1 task=135 slot=60->-1 s=0.460/6.067 rem=5.607 spd=0.142 wait=0.0 gen=271
tick=107337
  V0 mode=1 act=3 reason=clear blk=-1 task=135 slot=34->59 s=5.720/9.022 rem=3.303 spd=0.152 wait=0.0 gen=272
  V1 mode=1 act=3 reason=clear blk=-1 task=135 slot=60->-1 s=0.475/6.067 rem=5.593 spd=0.142 wait=0.0 gen=271
tick=107338
  V0 mode=1 act=3 reason=clear blk=-1 task=135 slot=34->59 s=5.734/9.022 rem=3.288 spd=0.148 wait=0.0 gen=272
  V1 mode=1 act=3 reason=clear blk=-1 task=135 slot=60->-1 s=0.489/6.067 rem=5.578 spd=0.142 wait=0.0 gen=271
tick=107339
  V0 mode=1 act=3 reason=clear blk=-1 task=135 slot=34->59 s=5.749/9.022 rem=3.273 spd=0.145 wait=0.0 gen=272
  V1 mode=1 act=3 reason=clear blk=-1 task=135 slot=60->-1 s=0.503/6.067 rem=5.564 spd=0.142 wait=0.0 gen=271
tick=107340
  V0 mode=1 act=3 reason=clear blk=-1 task=135 slot=34->59 s=5.763/9.022 rem=3.259 spd=0.144 wait=0.0 gen=272
  V1 mode=1 act=3 reason=clear blk=-1 task=135 slot=60->-1 s=0.517/6.067 rem=5.550 spd=0.142 wait=0.0 gen=271
tick=107341
  V0 mode=1 act=3 reason=clear blk=-1 task=135 slot=34->59 s=5.778/9.022 rem=3.245 spd=0.143 wait=0.0 gen=272
  V1 mode=1 act=3 reason=clear blk=-1 task=135 slot=60->-1 s=0.532/6.067 rem=5.536 spd=0.142 wait=0.0 gen=271
tick=107342
  V0 mode=1 act=3 reason=clear blk=-1 task=135 slot=34->59 s=5.792/9.022 rem=3.230 spd=0.142 wait=0.0 gen=272
  V1 mode=1 act=3 reason=clear blk=-1 task=135 slot=60->-1 s=0.546/6.067 rem=5.521 spd=0.142 wait=0.0 gen=271
tick=107343
  V0 mode=1 act=3 reason=clear blk=-1 task=135 slot=34->59 s=5.806/9.022 rem=3.216 spd=0.142 wait=0.0 gen=272
  V1 mode=1 act=3 reason=clear blk=-1 task=135 slot=60->-1 s=0.560/6.067 rem=5.507 spd=0.142 wait=0.0 gen=271
tick=107344
  V0 mode=1 act=3 reason=clear blk=-1 task=135 slot=34->59 s=5.820/9.022 rem=3.202 spd=0.142 wait=0.0 gen=272
  V1 mode=1 act=3 reason=clear blk=-1 task=135 slot=60->-1 s=0.574/6.067 rem=5.493 spd=0.142 wait=0.0 gen=271
tick=107345
  V0 mode=1 act=3 reason=clear blk=-1 task=135 slot=34->59 s=5.835/9.022 rem=3.188 spd=0.142 wait=0.0 gen=272
  V1 mode=1 act=3 reason=clear blk=-1 task=135 slot=60->-1 s=0.589/6.067 rem=5.479 spd=0.142 wait=0.0 gen=271
tick=107346
  V0 mode=1 act=3 reason=clear blk=-1 task=135 slot=34->59 s=5.849/9.022 rem=3.173 spd=0.142 wait=0.0 gen=272
  V1 mode=1 act=3 reason=clear blk=-1 task=135 slot=60->-1 s=0.603/6.067 rem=5.464 spd=0.142 wait=0.0 gen=271
tick=107347
  V0 mode=1 act=3 reason=clear blk=-1 task=135 slot=34->59 s=5.863/9.022 rem=3.159 spd=0.142 wait=0.0 gen=272
  V1 mode=1 act=3 reason=clear blk=-1 task=135 slot=60->-1 s=0.617/6.067 rem=5.450 spd=0.142 wait=0.0 gen=271
tick=107348
  V0 mode=1 act=3 reason=clear blk=-1 task=135 slot=34->59 s=5.877/9.022 rem=3.145 spd=0.142 wait=0.0 gen=272
  V1 mode=1 act=3 reason=clear blk=-1 task=135 slot=60->-1 s=0.631/6.067 rem=5.436 spd=0.142 wait=0.0 gen=271
tick=107349
  V0 mode=1 act=3 reason=clear blk=-1 task=135 slot=34->59 s=5.892/9.022 rem=3.131 spd=0.142 wait=0.0 gen=272
  V1 mode=1 act=3 reason=clear blk=-1 task=135 slot=60->-1 s=0.646/6.067 rem=5.422 spd=0.142 wait=0.0 gen=271
tick=107350
  V0 mode=1 act=3 reason=clear blk=-1 task=135 slot=34->59 s=5.906/9.022 rem=3.116 spd=0.142 wait=0.0 gen=272
  V1 mode=1 act=3 reason=clear blk=-1 task=135 slot=60->-1 s=0.660/6.067 rem=5.407 spd=0.142 wait=0.0 gen=271
tick=107351
  V0 mode=1 act=3 reason=clear blk=-1 task=135 slot=34->59 s=5.920/9.022 rem=3.102 spd=0.142 wait=0.0 gen=272
  V1 mode=1 act=3 reason=clear blk=-1 task=135 slot=60->-1 s=0.674/6.067 rem=5.393 spd=0.143 wait=0.0 gen=271
tick=107352
  V0 mode=1 act=3 reason=clear blk=-1 task=135 slot=34->59 s=5.934/9.022 rem=3.088 spd=0.143 wait=0.0 gen=272
  V1 mode=1 act=3 reason=clear blk=-1 task=135 slot=60->-1 s=0.689/6.067 rem=5.378 spd=0.149 wait=0.0 gen=271
tick=107353
  V0 mode=1 act=3 reason=clear blk=-1 task=135 slot=34->59 s=5.949/9.022 rem=3.074 spd=0.143 wait=0.0 gen=272
  V1 mode=1 act=3 reason=clear blk=-1 task=135 slot=60->-1 s=0.706/6.067 rem=5.362 spd=0.165 wait=0.0 gen=271
tick=107354
  V0 mode=1 act=3 reason=clear blk=-1 task=135 slot=34->59 s=5.963/9.022 rem=3.059 spd=0.144 wait=0.0 gen=272
  V1 mode=1 act=3 reason=clear blk=-1 task=135 slot=60->-1 s=0.724/6.067 rem=5.343 spd=0.185 wait=0.0 gen=271
tick=107355
  V0 mode=1 act=3 reason=clear blk=-1 task=135 slot=34->59 s=5.978/9.022 rem=3.045 spd=0.146 wait=0.0 gen=272
  V1 mode=1 act=3 reason=clear blk=-1 task=135 slot=60->-1 s=0.744/6.067 rem=5.323 spd=0.200 wait=0.0 gen=271
tick=107356
  V0 mode=1 act=3 reason=clear blk=-1 task=135 slot=34->59 s=5.992/9.022 rem=3.030 spd=0.149 wait=0.0 gen=272
  V1 mode=1 act=3 reason=clear blk=-1 task=135 slot=60->-1 s=0.764/6.067 rem=5.303 spd=0.200 wait=0.0 gen=271
tick=107357
  V0 mode=1 act=3 reason=clear blk=-1 task=135 slot=34->59 s=6.008/9.022 rem=3.015 spd=0.152 wait=0.0 gen=272
  V1 mode=1 act=3 reason=clear blk=-1 task=135 slot=60->-1 s=0.784/6.067 rem=5.283 spd=0.200 wait=0.0 gen=271
tick=107358
  V0 mode=1 act=3 reason=clear blk=-1 task=135 slot=34->59 s=6.023/9.022 rem=2.999 spd=0.156 wait=0.0 gen=272
  V1 mode=1 act=3 reason=clear blk=-1 task=135 slot=60->-1 s=0.804/6.067 rem=5.263 spd=0.200 wait=0.0 gen=271
tick=107359
  V0 mode=1 act=3 reason=clear blk=-1 task=135 slot=34->59 s=6.039/9.022 rem=2.983 spd=0.161 wait=0.0 gen=272
  V1 mode=1 act=3 reason=clear blk=-1 task=135 slot=60->-1 s=0.824/6.067 rem=5.243 spd=0.200 wait=0.0 gen=271
tick=107360
  V0 mode=1 act=3 reason=clear blk=-1 task=135 slot=34->59 s=6.056/9.022 rem=2.966 spd=0.167 wait=0.0 gen=272
  V1 mode=1 act=3 reason=clear blk=-1 task=135 slot=60->-1 s=0.844/6.067 rem=5.223 spd=0.200 wait=0.0 gen=271
tick=107361
  V0 mode=1 act=3 reason=clear blk=-1 task=135 slot=34->59 s=6.073/9.022 rem=2.949 spd=0.173 wait=0.0 gen=272
  V1 mode=1 act=3 reason=clear blk=-1 task=135 slot=60->-1 s=0.864/6.067 rem=5.203 spd=0.200 wait=0.0 gen=271
tick=107362
  V0 mode=1 act=3 reason=clear blk=-1 task=135 slot=34->59 s=6.091/9.022 rem=2.931 spd=0.180 wait=0.0 gen=272
  V1 mode=1 act=3 reason=clear blk=-1 task=135 slot=60->-1 s=0.884/6.067 rem=5.183 spd=0.200 wait=0.0 gen=271
tick=107363
  V0 mode=1 act=3 reason=clear blk=-1 task=135 slot=34->59 s=6.110/9.022 rem=2.912 spd=0.189 wait=0.0 gen=272
  V1 mode=1 act=3 reason=clear blk=-1 task=135 slot=60->-1 s=0.904/6.067 rem=5.163 spd=0.200 wait=0.0 gen=271
tick=107364
  V0 mode=1 act=3 reason=clear blk=-1 task=135 slot=34->59 s=6.130/9.022 rem=2.892 spd=0.200 wait=0.0 gen=272
  V1 mode=1 act=3 reason=clear blk=-1 task=135 slot=60->-1 s=0.924/6.067 rem=5.143 spd=0.200 wait=0.0 gen=271
tick=107365
  V0 mode=1 act=0 reason=dynamic_speed_STOP_V0 blk=1 task=135 slot=34->59 s=6.147/9.022 rem=2.875 spd=0.170 wait=0.1 gen=272
  V1 mode=1 act=3 reason=clear blk=-1 task=135 slot=60->-1 s=0.944/6.067 rem=5.123 spd=0.200 wait=0.0 gen=271
tick=107366
  V0 mode=1 act=0 reason=dynamic_speed_STOP_V0 blk=1 task=135 slot=34->59 s=6.161/9.022 rem=2.861 spd=0.140 wait=0.2 gen=272
  V1 mode=1 act=3 reason=clear blk=-1 task=135 slot=60->-1 s=0.964/6.067 rem=5.103 spd=0.200 wait=0.0 gen=271
tick=107367
  V0 mode=1 act=0 reason=dynamic_speed_STOP_V0 blk=1 task=135 slot=34->59 s=6.172/9.022 rem=2.850 spd=0.110 wait=0.3 gen=272
  V1 mode=1 act=3 reason=clear blk=-1 task=135 slot=60->-1 s=0.984/6.067 rem=5.083 spd=0.200 wait=0.0 gen=271
tick=107368
  V0 mode=1 act=0 reason=dynamic_speed_STOP_V0 blk=1 task=135 slot=34->59 s=6.180/9.022 rem=2.842 spd=0.080 wait=0.4 gen=272
  V1 mode=1 act=3 reason=clear blk=-1 task=135 slot=60->-1 s=1.004/6.067 rem=5.063 spd=0.200 wait=0.0 gen=271
tick=107369
  V0 mode=1 act=0 reason=dynamic_speed_STOP_V0 blk=1 task=135 slot=34->59 s=6.185/9.022 rem=2.837 spd=0.050 wait=0.5 gen=272
  V1 mode=1 act=3 reason=clear blk=-1 task=135 slot=60->-1 s=1.024/6.067 rem=5.043 spd=0.200 wait=0.0 gen=271
tick=107370
  V0 mode=1 act=0 reason=dynamic_speed_STOP_V0 blk=1 task=135 slot=34->59 s=6.187/9.022 rem=2.835 spd=0.020 wait=0.6 gen=272
  V1 mode=1 act=3 reason=clear blk=-1 task=135 slot=60->-1 s=1.044/6.067 rem=5.023 spd=0.200 wait=0.0 gen=271
tick=107371
  V0 mode=1 act=0 reason=dynamic_speed_STOP_V0 blk=1 task=135 slot=34->59 s=6.187/9.022 rem=2.835 spd=0.000 wait=0.7 gen=272
  V1 mode=1 act=3 reason=clear blk=-1 task=135 slot=60->-1 s=1.064/6.067 rem=5.003 spd=0.200 wait=0.0 gen=271
tick=107372
  V0 mode=1 act=0 reason=dynamic_speed_STOP_V0 blk=1 task=135 slot=34->59 s=6.187/9.022 rem=2.835 spd=0.000 wait=0.8 gen=272
  V1 mode=1 act=3 reason=clear blk=-1 task=135 slot=60->-1 s=1.084/6.067 rem=4.983 spd=0.200 wait=0.0 gen=271
tick=107373
  V0 mode=1 act=0 reason=hard_collision_guard blk=-1 task=135 slot=34->59 s=6.187/9.022 rem=2.835 spd=0.000 wait=0.9 gen=272
  V1 mode=1 act=0 reason=hard_collision_guard blk=-1 task=135 slot=60->-1 s=1.084/6.067 rem=4.983 spd=0.000 wait=0.1 gen=271
