[FIRST-COLLISION] @tick=11739 sim_t=1173s 涉及对=[V0-V1 ]
[FIRST-COLLISION]   V0 距上次脱困=从未 gen=31 slot=20->-1
[FIRST-COLLISION]   V1 距上次脱困=从未 gen=33 slot=6->-1

========== FIRST-COLLISION 前 80 拍历史(看 gen 是否刚跳变=刚被脱困重置) ==========
tick=11660
  V0 mode=1 act=3 reason=clear blk=-1 brkr=0 task=15 slot=20->-1 s=2.600/3.391 rem=0.791 spd=0.200 wait=0.0 gen=31
  V1 mode=1 act=0 reason=dynamic_speed_STOP_V0 blk=0 brkr=0 task=16 slot=6->-1 s=1.065/1.900 rem=0.835 spd=0.000 wait=6.8 gen=33
tick=11661
  V0 mode=1 act=3 reason=clear blk=-1 brkr=0 task=15 slot=20->-1 s=2.620/3.391 rem=0.771 spd=0.200 wait=0.0 gen=31
  V1 mode=1 act=0 reason=dynamic_speed_STOP_V0 blk=0 brkr=0 task=16 slot=6->-1 s=1.065/1.900 rem=0.835 spd=0.000 wait=6.9 gen=33
tick=11662
  V0 mode=1 act=3 reason=clear blk=-1 brkr=0 task=15 slot=20->-1 s=2.640/3.391 rem=0.751 spd=0.200 wait=0.0 gen=31
  V1 mode=1 act=0 reason=dynamic_speed_STOP_V0 blk=0 brkr=0 task=16 slot=6->-1 s=1.065/1.900 rem=0.835 spd=0.000 wait=7.0 gen=33
tick=11663
  V0 mode=1 act=3 reason=clear blk=-1 brkr=0 task=15 slot=20->-1 s=2.660/3.391 rem=0.731 spd=0.200 wait=0.0 gen=31
  V1 mode=1 act=0 reason=dynamic_speed_STOP_V0 blk=0 brkr=0 task=16 slot=6->-1 s=1.065/1.900 rem=0.835 spd=0.000 wait=7.1 gen=33
tick=11664
  V0 mode=1 act=3 reason=clear blk=-1 brkr=0 task=15 slot=20->-1 s=2.680/3.391 rem=0.711 spd=0.200 wait=0.0 gen=31
  V1 mode=1 act=0 reason=dynamic_speed_STOP_V0 blk=0 brkr=0 task=16 slot=6->-1 s=1.065/1.900 rem=0.835 spd=0.000 wait=7.2 gen=33
tick=11665
  V0 mode=1 act=3 reason=clear blk=-1 brkr=0 task=15 slot=20->-1 s=2.700/3.391 rem=0.691 spd=0.200 wait=0.0 gen=31
  V1 mode=1 act=0 reason=dynamic_speed_STOP_V0 blk=0 brkr=0 task=16 slot=6->-1 s=1.065/1.900 rem=0.835 spd=0.000 wait=7.3 gen=33
tick=11666
  V0 mode=1 act=3 reason=clear blk=-1 brkr=0 task=15 slot=20->-1 s=2.720/3.391 rem=0.671 spd=0.200 wait=0.0 gen=31
  V1 mode=1 act=0 reason=dynamic_speed_STOP_V0 blk=0 brkr=0 task=16 slot=6->-1 s=1.065/1.900 rem=0.835 spd=0.000 wait=7.4 gen=33
tick=11667
  V0 mode=1 act=3 reason=clear blk=-1 brkr=0 task=15 slot=20->-1 s=2.739/3.391 rem=0.653 spd=0.188 wait=0.0 gen=31
  V1 mode=1 act=0 reason=dynamic_speed_STOP_V0 blk=0 brkr=0 task=16 slot=6->-1 s=1.065/1.900 rem=0.835 spd=0.000 wait=7.5 gen=33
tick=11668
  V0 mode=1 act=3 reason=clear blk=-1 brkr=0 task=15 slot=20->-1 s=2.756/3.391 rem=0.635 spd=0.178 wait=0.0 gen=31
  V1 mode=1 act=0 reason=dynamic_speed_STOP_V0 blk=0 brkr=0 task=16 slot=6->-1 s=1.065/1.900 rem=0.835 spd=0.000 wait=7.6 gen=33
tick=11669
  V0 mode=1 act=3 reason=clear blk=-1 brkr=0 task=15 slot=20->-1 s=2.774/3.391 rem=0.618 spd=0.170 wait=0.0 gen=31
  V1 mode=1 act=0 reason=dynamic_speed_STOP_V0 blk=0 brkr=0 task=16 slot=6->-1 s=1.065/1.900 rem=0.835 spd=0.000 wait=7.7 gen=33
tick=11670
  V0 mode=1 act=3 reason=clear blk=-1 brkr=0 task=15 slot=20->-1 s=2.790/3.391 rem=0.602 spd=0.164 wait=0.0 gen=31
  V1 mode=1 act=0 reason=dynamic_speed_STOP_V0 blk=0 brkr=0 task=16 slot=6->-1 s=1.065/1.900 rem=0.835 spd=0.000 wait=7.8 gen=33
tick=11671
  V0 mode=1 act=3 reason=clear blk=-1 brkr=0 task=15 slot=20->-1 s=2.806/3.391 rem=0.586 spd=0.158 wait=0.0 gen=31
  V1 mode=1 act=0 reason=dynamic_speed_STOP_V0 blk=0 brkr=0 task=16 slot=6->-1 s=1.065/1.900 rem=0.835 spd=0.000 wait=7.9 gen=33
tick=11672
  V0 mode=1 act=3 reason=clear blk=-1 brkr=0 task=15 slot=20->-1 s=2.821/3.391 rem=0.570 spd=0.153 wait=0.0 gen=31
  V1 mode=1 act=0 reason=dynamic_speed_STOP_V0 blk=0 brkr=0 task=16 slot=6->-1 s=1.065/1.900 rem=0.835 spd=0.000 wait=8.0 gen=33
tick=11673
  V0 mode=1 act=3 reason=clear blk=-1 brkr=0 task=15 slot=20->-1 s=2.836/3.391 rem=0.556 spd=0.149 wait=0.0 gen=31
  V1 mode=1 act=1 reason=dynamic_speed_CREEP_V0 blk=0 brkr=0 task=16 slot=6->-1 s=1.067/1.900 rem=0.833 spd=0.020 wait=8.1 gen=33
tick=11674
  V0 mode=1 act=3 reason=clear blk=-1 brkr=0 task=15 slot=20->-1 s=2.850/3.391 rem=0.541 spd=0.146 wait=0.0 gen=31
  V1 mode=1 act=1 reason=dynamic_speed_CREEP_V0 blk=0 brkr=0 task=16 slot=6->-1 s=1.071/1.900 rem=0.829 spd=0.040 wait=8.2 gen=33
tick=11675
  V0 mode=1 act=3 reason=clear blk=-1 brkr=0 task=15 slot=20->-1 s=2.865/3.391 rem=0.527 spd=0.144 wait=0.0 gen=31
  V1 mode=1 act=1 reason=dynamic_speed_CREEP_V0 blk=0 brkr=0 task=16 slot=6->-1 s=1.076/1.900 rem=0.824 spd=0.050 wait=8.3 gen=33
tick=11676
  V0 mode=1 act=3 reason=clear blk=-1 brkr=0 task=15 slot=20->-1 s=2.879/3.391 rem=0.512 spd=0.143 wait=0.0 gen=31
  V1 mode=1 act=1 reason=dynamic_speed_CREEP_V0 blk=0 brkr=0 task=16 slot=6->-1 s=1.081/1.900 rem=0.819 spd=0.050 wait=8.4 gen=33
tick=11677
  V0 mode=1 act=3 reason=clear blk=-1 brkr=0 task=15 slot=20->-1 s=2.893/3.391 rem=0.498 spd=0.143 wait=0.0 gen=31
  V1 mode=1 act=1 reason=dynamic_speed_CREEP_V0 blk=0 brkr=0 task=16 slot=6->-1 s=1.086/1.900 rem=0.814 spd=0.050 wait=8.5 gen=33
tick=11678
  V0 mode=1 act=3 reason=clear blk=-1 brkr=0 task=15 slot=20->-1 s=2.908/3.391 rem=0.484 spd=0.142 wait=0.0 gen=31
  V1 mode=1 act=1 reason=dynamic_speed_CREEP_V0 blk=0 brkr=0 task=16 slot=6->-1 s=1.091/1.900 rem=0.809 spd=0.050 wait=8.6 gen=33
tick=11679
  V0 mode=1 act=3 reason=clear blk=-1 brkr=0 task=15 slot=20->-1 s=2.922/3.391 rem=0.470 spd=0.142 wait=0.0 gen=31
  V1 mode=1 act=1 reason=dynamic_speed_CREEP_V0 blk=0 brkr=0 task=16 slot=6->-1 s=1.096/1.900 rem=0.804 spd=0.050 wait=8.7 gen=33
tick=11680
  V0 mode=1 act=3 reason=clear blk=-1 brkr=0 task=15 slot=20->-1 s=2.936/3.391 rem=0.455 spd=0.142 wait=0.0 gen=31
  V1 mode=1 act=1 reason=dynamic_speed_CREEP_V0 blk=0 brkr=0 task=16 slot=6->-1 s=1.101/1.900 rem=0.799 spd=0.050 wait=8.8 gen=33
tick=11681
  V0 mode=1 act=3 reason=clear blk=-1 brkr=0 task=15 slot=20->-1 s=2.950/3.391 rem=0.441 spd=0.142 wait=0.0 gen=31
  V1 mode=1 act=1 reason=dynamic_speed_CREEP_V0 blk=0 brkr=0 task=16 slot=6->-1 s=1.106/1.900 rem=0.794 spd=0.050 wait=8.9 gen=33
tick=11682
  V0 mode=1 act=3 reason=clear blk=-1 brkr=0 task=15 slot=20->-1 s=2.965/3.391 rem=0.427 spd=0.142 wait=0.0 gen=31
  V1 mode=1 act=1 reason=dynamic_speed_CREEP_V0 blk=0 brkr=0 task=16 slot=6->-1 s=1.111/1.900 rem=0.789 spd=0.050 wait=9.0 gen=33
tick=11683
  V0 mode=1 act=3 reason=clear blk=-1 brkr=0 task=15 slot=20->-1 s=2.979/3.391 rem=0.413 spd=0.142 wait=0.0 gen=31
  V1 mode=1 act=1 reason=dynamic_speed_CREEP_V0 blk=0 brkr=0 task=16 slot=6->-1 s=1.116/1.900 rem=0.784 spd=0.050 wait=9.1 gen=33
tick=11684
  V0 mode=1 act=3 reason=clear blk=-1 brkr=0 task=15 slot=20->-1 s=2.993/3.391 rem=0.398 spd=0.142 wait=0.0 gen=31
  V1 mode=1 act=1 reason=dynamic_speed_CREEP_V0 blk=0 brkr=0 task=16 slot=6->-1 s=1.121/1.900 rem=0.779 spd=0.050 wait=9.2 gen=33
tick=11685
  V0 mode=1 act=3 reason=clear blk=-1 brkr=0 task=15 slot=20->-1 s=3.007/3.391 rem=0.384 spd=0.142 wait=0.0 gen=31
  V1 mode=1 act=1 reason=dynamic_speed_CREEP_V0 blk=0 brkr=0 task=16 slot=6->-1 s=1.126/1.900 rem=0.774 spd=0.050 wait=9.3 gen=33
tick=11686
  V0 mode=1 act=3 reason=clear blk=-1 brkr=0 task=15 slot=20->-1 s=3.022/3.391 rem=0.370 spd=0.142 wait=0.0 gen=31
  V1 mode=1 act=1 reason=dynamic_speed_CREEP_V0 blk=0 brkr=0 task=16 slot=6->-1 s=1.131/1.900 rem=0.769 spd=0.050 wait=9.4 gen=33
tick=11687
  V0 mode=1 act=3 reason=clear blk=-1 brkr=0 task=15 slot=20->-1 s=3.036/3.391 rem=0.356 spd=0.142 wait=0.0 gen=31
  V1 mode=1 act=1 reason=dynamic_speed_CREEP_V0 blk=0 brkr=0 task=16 slot=6->-1 s=1.136/1.900 rem=0.764 spd=0.050 wait=9.5 gen=33
tick=11688
  V0 mode=1 act=3 reason=clear blk=-1 brkr=0 task=15 slot=20->-1 s=3.050/3.391 rem=0.341 spd=0.142 wait=0.0 gen=31
  V1 mode=1 act=1 reason=dynamic_speed_CREEP_V0 blk=0 brkr=0 task=16 slot=6->-1 s=1.141/1.900 rem=0.759 spd=0.050 wait=9.6 gen=33
tick=11689
  V0 mode=1 act=3 reason=clear blk=-1 brkr=0 task=15 slot=20->-1 s=3.064/3.391 rem=0.327 spd=0.143 wait=0.0 gen=31
  V1 mode=1 act=1 reason=dynamic_speed_CREEP_V0 blk=0 brkr=0 task=16 slot=6->-1 s=1.146/1.900 rem=0.754 spd=0.050 wait=9.7 gen=33
tick=11690
  V0 mode=1 act=3 reason=clear blk=-1 brkr=0 task=15 slot=20->-1 s=3.079/3.391 rem=0.313 spd=0.143 wait=0.0 gen=31
  V1 mode=1 act=1 reason=dynamic_speed_CREEP_V0 blk=0 brkr=0 task=16 slot=6->-1 s=1.151/1.900 rem=0.749 spd=0.050 wait=9.8 gen=33
tick=11691
  V0 mode=1 act=3 reason=clear blk=-1 brkr=0 task=15 slot=20->-1 s=3.093/3.391 rem=0.298 spd=0.144 wait=0.0 gen=31
  V1 mode=1 act=1 reason=dynamic_speed_CREEP_V0 blk=0 brkr=0 task=16 slot=6->-1 s=1.156/1.900 rem=0.744 spd=0.050 wait=9.9 gen=33
tick=11692
  V0 mode=1 act=3 reason=clear blk=-1 brkr=0 task=15 slot=20->-1 s=3.108/3.391 rem=0.284 spd=0.146 wait=0.0 gen=31
  V1 mode=1 act=1 reason=dynamic_speed_CREEP_V0 blk=0 brkr=0 task=16 slot=6->-1 s=1.161/1.900 rem=0.739 spd=0.050 wait=10.0 gen=33
tick=11693
  V0 mode=1 act=3 reason=clear blk=-1 brkr=0 task=15 slot=20->-1 s=3.123/3.391 rem=0.269 spd=0.150 wait=0.0 gen=31
  V1 mode=1 act=1 reason=dynamic_speed_CREEP_V0 blk=0 brkr=0 task=16 slot=6->-1 s=1.166/1.900 rem=0.734 spd=0.050 wait=10.1 gen=33
tick=11694
  V0 mode=1 act=3 reason=clear blk=-1 brkr=0 task=15 slot=20->-1 s=3.138/3.391 rem=0.253 spd=0.154 wait=0.0 gen=31
  V1 mode=1 act=1 reason=dynamic_speed_CREEP_V0 blk=0 brkr=0 task=16 slot=6->-1 s=1.171/1.900 rem=0.729 spd=0.050 wait=10.2 gen=33
tick=11695
  V0 mode=1 act=3 reason=clear blk=-1 brkr=0 task=15 slot=20->-1 s=3.154/3.391 rem=0.237 spd=0.159 wait=0.0 gen=31
  V1 mode=1 act=1 reason=dynamic_speed_CREEP_V0 blk=0 brkr=0 task=16 slot=6->-1 s=1.176/1.900 rem=0.724 spd=0.050 wait=10.3 gen=33
tick=11696
  V0 mode=1 act=3 reason=clear blk=-1 brkr=0 task=15 slot=20->-1 s=3.170/3.391 rem=0.221 spd=0.164 wait=0.0 gen=31
  V1 mode=1 act=1 reason=dynamic_speed_CREEP_V0 blk=0 brkr=0 task=16 slot=6->-1 s=1.181/1.900 rem=0.719 spd=0.050 wait=10.4 gen=33
tick=11697
  V0 mode=1 act=3 reason=clear blk=-1 brkr=0 task=15 slot=20->-1 s=3.187/3.391 rem=0.204 spd=0.171 wait=0.0 gen=31
  V1 mode=1 act=1 reason=dynamic_speed_CREEP_V0 blk=0 brkr=0 task=16 slot=6->-1 s=1.186/1.900 rem=0.714 spd=0.050 wait=10.5 gen=33
tick=11698
  V0 mode=1 act=3 reason=clear blk=-1 brkr=0 task=15 slot=20->-1 s=3.205/3.391 rem=0.186 spd=0.178 wait=0.0 gen=31
  V1 mode=1 act=1 reason=dynamic_speed_CREEP_V0 blk=0 brkr=0 task=16 slot=6->-1 s=1.191/1.900 rem=0.709 spd=0.050 wait=10.6 gen=33
tick=11699
  V0 mode=1 act=3 reason=clear blk=-1 brkr=0 task=15 slot=20->-1 s=3.224/3.391 rem=0.167 spd=0.187 wait=0.0 gen=31
  V1 mode=1 act=1 reason=dynamic_speed_CREEP_V0 blk=0 brkr=0 task=16 slot=6->-1 s=1.196/1.900 rem=0.704 spd=0.050 wait=10.7 gen=33
tick=11700
  V0 mode=1 act=3 reason=clear blk=-1 brkr=0 task=15 slot=20->-1 s=3.244/3.391 rem=0.148 spd=0.198 wait=0.0 gen=31
  V1 mode=1 act=1 reason=dynamic_speed_CREEP_V0 blk=0 brkr=0 task=16 slot=6->-1 s=1.201/1.900 rem=0.699 spd=0.050 wait=10.8 gen=33
tick=11701
  V0 mode=1 act=3 reason=clear blk=-1 brkr=0 task=15 slot=20->-1 s=3.264/3.391 rem=0.128 spd=0.200 wait=0.0 gen=31
  V1 mode=1 act=1 reason=dynamic_speed_CREEP_V0 blk=0 brkr=0 task=16 slot=6->-1 s=1.206/1.900 rem=0.694 spd=0.050 wait=10.9 gen=33
tick=11702
  V0 mode=1 act=3 reason=clear blk=-1 brkr=0 task=15 slot=20->-1 s=3.284/3.391 rem=0.108 spd=0.200 wait=0.0 gen=31
  V1 mode=1 act=1 reason=dynamic_speed_CREEP_V0 blk=0 brkr=0 task=16 slot=6->-1 s=1.211/1.900 rem=0.689 spd=0.050 wait=11.0 gen=33
tick=11703
  V0 mode=1 act=3 reason=clear blk=-1 brkr=0 task=15 slot=20->-1 s=3.304/3.391 rem=0.088 spd=0.200 wait=0.0 gen=31
  V1 mode=1 act=1 reason=dynamic_speed_CREEP_V0 blk=0 brkr=0 task=16 slot=6->-1 s=1.216/1.900 rem=0.684 spd=0.050 wait=11.1 gen=33
tick=11704
  V0 mode=1 act=3 reason=clear blk=-1 brkr=0 task=15 slot=20->-1 s=3.324/3.391 rem=0.068 spd=0.200 wait=0.0 gen=31
  V1 mode=1 act=1 reason=dynamic_speed_CREEP_V0 blk=0 brkr=0 task=16 slot=6->-1 s=1.221/1.900 rem=0.679 spd=0.050 wait=11.2 gen=33
tick=11705
  V0 mode=1 act=3 reason=clear blk=-1 brkr=0 task=15 slot=20->-1 s=3.344/3.391 rem=0.048 spd=0.200 wait=0.0 gen=31
  V1 mode=1 act=1 reason=dynamic_speed_CREEP_V0 blk=0 brkr=0 task=16 slot=6->-1 s=1.226/1.900 rem=0.674 spd=0.050 wait=11.3 gen=33
tick=11706
  V0 mode=1 act=3 reason=clear blk=-1 brkr=0 task=15 slot=20->-1 s=3.364/3.391 rem=0.028 spd=0.200 wait=0.0 gen=31
  V1 mode=1 act=1 reason=dynamic_speed_CREEP_V0 blk=0 brkr=0 task=16 slot=6->-1 s=1.231/1.900 rem=0.669 spd=0.050 wait=11.4 gen=33
tick=11707
  V0 mode=1 act=3 reason=clear blk=-1 brkr=0 task=15 slot=20->-1 s=3.384/3.391 rem=0.008 spd=0.200 wait=0.0 gen=31
  V1 mode=1 act=1 reason=dynamic_speed_CREEP_V0 blk=0 brkr=0 task=16 slot=6->-1 s=1.236/1.900 rem=0.664 spd=0.050 wait=11.5 gen=33
tick=11708
  V0 mode=2 act=0 reason=pickup_dwell blk=-1 brkr=0 task=15 slot=20->-1 s=3.391/3.391 rem=0.000 spd=0.000 wait=0.0 gen=31
  V1 mode=1 act=1 reason=dynamic_speed_CREEP_V0 blk=0 brkr=0 task=16 slot=6->-1 s=1.241/1.900 rem=0.659 spd=0.050 wait=11.6 gen=33
tick=11709
  V0 mode=2 act=0 reason=not_active blk=-1 brkr=0 task=15 slot=20->-1 s=3.391/3.391 rem=0.000 spd=0.000 wait=0.0 gen=31
  V1 mode=1 act=3 reason=clear blk=-1 brkr=0 task=16 slot=6->-1 s=1.248/1.900 rem=0.652 spd=0.070 wait=0.0 gen=33
tick=11710
  V0 mode=2 act=0 reason=not_active blk=-1 brkr=0 task=15 slot=20->-1 s=3.391/3.391 rem=0.000 spd=0.000 wait=0.0 gen=31
  V1 mode=1 act=3 reason=clear blk=-1 brkr=0 task=16 slot=6->-1 s=1.257/1.900 rem=0.643 spd=0.090 wait=0.0 gen=33
tick=11711
  V0 mode=2 act=0 reason=not_active blk=-1 brkr=0 task=15 slot=20->-1 s=3.391/3.391 rem=0.000 spd=0.000 wait=0.0 gen=31
  V1 mode=1 act=3 reason=clear blk=-1 brkr=0 task=16 slot=6->-1 s=1.268/1.900 rem=0.632 spd=0.110 wait=0.0 gen=33
tick=11712
  V0 mode=2 act=0 reason=not_active blk=-1 brkr=0 task=15 slot=20->-1 s=3.391/3.391 rem=0.000 spd=0.000 wait=0.0 gen=31
  V1 mode=1 act=3 reason=clear blk=-1 brkr=0 task=16 slot=6->-1 s=1.281/1.900 rem=0.619 spd=0.130 wait=0.0 gen=33
tick=11713
  V0 mode=2 act=0 reason=not_active blk=-1 brkr=0 task=15 slot=20->-1 s=3.391/3.391 rem=0.000 spd=0.000 wait=0.0 gen=31
  V1 mode=1 act=3 reason=clear blk=-1 brkr=0 task=16 slot=6->-1 s=1.296/1.900 rem=0.604 spd=0.150 wait=0.0 gen=33
tick=11714
  V0 mode=2 act=0 reason=not_active blk=-1 brkr=0 task=15 slot=20->-1 s=3.391/3.391 rem=0.000 spd=0.000 wait=0.0 gen=31
  V1 mode=1 act=3 reason=clear blk=-1 brkr=0 task=16 slot=6->-1 s=1.312/1.900 rem=0.588 spd=0.159 wait=0.0 gen=33
tick=11715
  V0 mode=2 act=0 reason=not_active blk=-1 brkr=0 task=15 slot=20->-1 s=3.391/3.391 rem=0.000 spd=0.000 wait=0.0 gen=31
  V1 mode=1 act=3 reason=clear blk=-1 brkr=0 task=16 slot=6->-1 s=1.327/1.900 rem=0.573 spd=0.154 wait=0.0 gen=33
tick=11716
  V0 mode=2 act=0 reason=not_active blk=-1 brkr=0 task=15 slot=20->-1 s=3.391/3.391 rem=0.000 spd=0.000 wait=0.0 gen=31
  V1 mode=1 act=3 reason=clear blk=-1 brkr=0 task=16 slot=6->-1 s=1.342/1.900 rem=0.558 spd=0.150 wait=0.0 gen=33
tick=11717
  V0 mode=2 act=0 reason=not_active blk=-1 brkr=0 task=15 slot=20->-1 s=3.391/3.391 rem=0.000 spd=0.000 wait=0.0 gen=31
  V1 mode=1 act=3 reason=clear blk=-1 brkr=0 task=16 slot=6->-1 s=1.357/1.900 rem=0.543 spd=0.146 wait=0.0 gen=33
tick=11718
  V0 mode=2 act=0 reason=not_active blk=-1 brkr=0 task=15 slot=20->-1 s=3.391/3.391 rem=0.000 spd=0.000 wait=0.0 gen=31
  V1 mode=1 act=3 reason=clear blk=-1 brkr=0 task=16 slot=6->-1 s=1.371/1.900 rem=0.529 spd=0.144 wait=0.0 gen=33
tick=11719
  V0 mode=2 act=0 reason=not_active blk=-1 brkr=0 task=15 slot=20->-1 s=3.391/3.391 rem=0.000 spd=0.000 wait=0.0 gen=31
  V1 mode=1 act=3 reason=clear blk=-1 brkr=0 task=16 slot=6->-1 s=1.385/1.900 rem=0.514 spd=0.143 wait=0.0 gen=33
tick=11720
  V0 mode=2 act=0 reason=not_active blk=-1 brkr=0 task=15 slot=20->-1 s=3.391/3.391 rem=0.000 spd=0.000 wait=0.0 gen=31
  V1 mode=1 act=3 reason=clear blk=-1 brkr=0 task=16 slot=6->-1 s=1.400/1.900 rem=0.500 spd=0.143 wait=0.0 gen=33
tick=11721
  V0 mode=2 act=0 reason=not_active blk=-1 brkr=0 task=15 slot=20->-1 s=3.391/3.391 rem=0.000 spd=0.000 wait=0.0 gen=31
  V1 mode=1 act=3 reason=clear blk=-1 brkr=0 task=16 slot=6->-1 s=1.414/1.900 rem=0.486 spd=0.142 wait=0.0 gen=33
tick=11722
  V0 mode=2 act=0 reason=not_active blk=-1 brkr=0 task=15 slot=20->-1 s=3.391/3.391 rem=0.000 spd=0.000 wait=0.0 gen=31
  V1 mode=1 act=3 reason=clear blk=-1 brkr=0 task=16 slot=6->-1 s=1.428/1.900 rem=0.472 spd=0.142 wait=0.0 gen=33
tick=11723
  V0 mode=2 act=0 reason=not_active blk=-1 brkr=0 task=15 slot=20->-1 s=3.391/3.391 rem=0.000 spd=0.000 wait=0.0 gen=31
  V1 mode=1 act=3 reason=clear blk=-1 brkr=0 task=16 slot=6->-1 s=1.442/1.900 rem=0.458 spd=0.142 wait=0.0 gen=33
tick=11724
  V0 mode=2 act=0 reason=not_active blk=-1 brkr=0 task=15 slot=20->-1 s=3.391/3.391 rem=0.000 spd=0.000 wait=0.0 gen=31
  V1 mode=1 act=3 reason=clear blk=-1 brkr=0 task=16 slot=6->-1 s=1.457/1.900 rem=0.443 spd=0.142 wait=0.0 gen=33
tick=11725
  V0 mode=2 act=0 reason=not_active blk=-1 brkr=0 task=15 slot=20->-1 s=3.391/3.391 rem=0.000 spd=0.000 wait=0.0 gen=31
  V1 mode=1 act=3 reason=clear blk=-1 brkr=0 task=16 slot=6->-1 s=1.471/1.900 rem=0.429 spd=0.142 wait=0.0 gen=33
tick=11726
  V0 mode=2 act=0 reason=not_active blk=-1 brkr=0 task=15 slot=20->-1 s=3.391/3.391 rem=0.000 spd=0.000 wait=0.0 gen=31
  V1 mode=1 act=3 reason=clear blk=-1 brkr=0 task=16 slot=6->-1 s=1.485/1.900 rem=0.415 spd=0.142 wait=0.0 gen=33
tick=11727
  V0 mode=2 act=0 reason=not_active blk=-1 brkr=0 task=15 slot=20->-1 s=3.391/3.391 rem=0.000 spd=0.000 wait=0.0 gen=31
  V1 mode=1 act=3 reason=clear blk=-1 brkr=0 task=16 slot=6->-1 s=1.499/1.900 rem=0.401 spd=0.142 wait=0.0 gen=33
tick=11728
  V0 mode=2 act=0 reason=not_active blk=-1 brkr=0 task=15 slot=20->-1 s=3.391/3.391 rem=0.000 spd=0.000 wait=0.0 gen=31
  V1 mode=1 act=3 reason=clear blk=-1 brkr=0 task=16 slot=6->-1 s=1.514/1.900 rem=0.386 spd=0.142 wait=0.0 gen=33
tick=11729
  V0 mode=2 act=0 reason=not_active blk=-1 brkr=0 task=15 slot=20->-1 s=3.391/3.391 rem=0.000 spd=0.000 wait=0.0 gen=31
  V1 mode=1 act=3 reason=clear blk=-1 brkr=0 task=16 slot=6->-1 s=1.528/1.900 rem=0.372 spd=0.142 wait=0.0 gen=33
tick=11730
  V0 mode=2 act=0 reason=not_active blk=-1 brkr=0 task=15 slot=20->-1 s=3.391/3.391 rem=0.000 spd=0.000 wait=0.0 gen=31
  V1 mode=1 act=3 reason=clear blk=-1 brkr=0 task=16 slot=6->-1 s=1.542/1.900 rem=0.358 spd=0.142 wait=0.0 gen=33
tick=11731
  V0 mode=2 act=0 reason=not_active blk=-1 brkr=0 task=15 slot=20->-1 s=3.391/3.391 rem=0.000 spd=0.000 wait=0.0 gen=31
  V1 mode=1 act=3 reason=clear blk=-1 brkr=0 task=16 slot=6->-1 s=1.556/1.900 rem=0.344 spd=0.142 wait=0.0 gen=33
tick=11732
  V0 mode=2 act=0 reason=not_active blk=-1 brkr=0 task=15 slot=20->-1 s=3.391/3.391 rem=0.000 spd=0.000 wait=0.0 gen=31
  V1 mode=1 act=3 reason=clear blk=-1 brkr=0 task=16 slot=6->-1 s=1.571/1.900 rem=0.329 spd=0.143 wait=0.0 gen=33
tick=11733
  V0 mode=2 act=0 reason=not_active blk=-1 brkr=0 task=15 slot=20->-1 s=3.391/3.391 rem=0.000 spd=0.000 wait=0.0 gen=31
  V1 mode=1 act=3 reason=clear blk=-1 brkr=0 task=16 slot=6->-1 s=1.585/1.900 rem=0.315 spd=0.143 wait=0.0 gen=33
tick=11734
  V0 mode=2 act=0 reason=not_active blk=-1 brkr=0 task=15 slot=20->-1 s=3.391/3.391 rem=0.000 spd=0.000 wait=0.0 gen=31
  V1 mode=1 act=3 reason=clear blk=-1 brkr=0 task=16 slot=6->-1 s=1.599/1.900 rem=0.301 spd=0.144 wait=0.0 gen=33
tick=11735
  V0 mode=2 act=0 reason=not_active blk=-1 brkr=0 task=15 slot=20->-1 s=3.391/3.391 rem=0.000 spd=0.000 wait=0.0 gen=31
  V1 mode=1 act=3 reason=clear blk=-1 brkr=0 task=16 slot=6->-1 s=1.614/1.900 rem=0.286 spd=0.146 wait=0.0 gen=33
tick=11736
  V0 mode=2 act=0 reason=not_active blk=-1 brkr=0 task=15 slot=20->-1 s=3.391/3.391 rem=0.000 spd=0.000 wait=0.0 gen=31
  V1 mode=1 act=3 reason=clear blk=-1 brkr=0 task=16 slot=6->-1 s=1.629/1.900 rem=0.271 spd=0.149 wait=0.0 gen=33
tick=11737
  V0 mode=2 act=0 reason=not_active blk=-1 brkr=0 task=15 slot=20->-1 s=3.391/3.391 rem=0.000 spd=0.000 wait=0.0 gen=31
  V1 mode=1 act=3 reason=clear blk=-1 brkr=0 task=16 slot=6->-1 s=1.644/1.900 rem=0.256 spd=0.153 wait=0.0 gen=33
tick=11738
  V0 mode=2 act=0 reason=not_active blk=-1 brkr=0 task=15 slot=20->-1 s=3.391/3.391 rem=0.000 spd=0.000 wait=0.0 gen=31
  V1 mode=1 act=3 reason=clear blk=-1 brkr=0 task=16 slot=6->-1 s=1.660/1.900 rem=0.240 spd=0.158 wait=0.0 gen=33
tick=11739
  V0 mode=2 act=0 reason=not_active blk=-1 brkr=0 task=15 slot=20->-1 s=3.391/3.391 rem=0.000 spd=0.000 wait=0.0 gen=31
  V1 mode=1 act=0 reason=hard_collision_guard blk=-1 brkr=0 task=16 slot=6->-1 s=1.660/1.900 rem=0.240 spd=0.000 wait=0.1 gen=33
