... logging to /tmp/forklift_120min_full_seed2025_ros/9b5cc620-ab4b-11f1-88c3-f3aef3622ffd/roslaunch-Lacia-744.log
Checking log directory for disk usage. This may take a while.
Press Ctrl-C to interrupt
Done checking log file disk usage. Usage is <1GB.
]2;roscore
[1mstarted roslaunch server http://Lacia:39587/[0m
ros_comm version 1.17.4


SUMMARY
========

PARAMETERS
 * /rosdistro: noetic
 * /rosversion: 1.17.4

NODES

auto-starting new master
[1mprocess[master]: started with pid [859][0m
[1mROS_MASTER_URI=http://Lacia:11332/[0m
]2;roscore http://Lacia:11332/
[1msetting /run_id to 9b5cc620-ab4b-11f1-88c3-f3aef3622ffd[0m
[1mprocess[rosout-1]: started with pid [1269][0m
started core service [/rosout]
[rosout-1] killing on exit
[master] killing on exit
shutting down processing monitor...
... shutting down processing monitor complete
[1mdone[0m
