... logging to /tmp/forklift_120min_seed2024_ros/1d96deb0-ab4b-11f1-903f-d3f9206f10ab/roslaunch-Lacia-729.log
Checking log directory for disk usage. This may take a while.
Press Ctrl-C to interrupt
Done checking log file disk usage. Usage is <1GB.
]2;roscore
[1mstarted roslaunch server http://Lacia:35521/[0m
ros_comm version 1.17.4


SUMMARY
========

PARAMETERS
 * /rosdistro: noetic
 * /rosversion: 1.17.4

NODES

auto-starting new master
[1mprocess[master]: started with pid [851][0m
[1mROS_MASTER_URI=http://Lacia:11323/[0m
]2;roscore http://Lacia:11323/
[1msetting /run_id to 1d96deb0-ab4b-11f1-903f-d3f9206f10ab[0m
[1mprocess[rosout-1]: started with pid [1275][0m
started core service [/rosout]
[rosout-1] killing on exit
[master] killing on exit
shutting down processing monitor...
... shutting down processing monitor complete
[1mdone[0m
