... logging to /tmp/forklift_normal_deadlock_obb_seed2024_ros/9ec6c3c8-ab9c-11f1-b43d-cf1f723f6f2a/roslaunch-Lacia-663.log
Checking log directory for disk usage. This may take a while.
Press Ctrl-C to interrupt
Done checking log file disk usage. Usage is <1GB.
]2;roscore
[1mstarted roslaunch server http://Lacia:32803/[0m
ros_comm version 1.17.4


SUMMARY
========

PARAMETERS
 * /rosdistro: noetic
 * /rosversion: 1.17.4

NODES

auto-starting new master
[1mprocess[master]: started with pid [710][0m
[1mROS_MASTER_URI=http://Lacia:11424/[0m
]2;roscore http://Lacia:11424/
[1msetting /run_id to 9ec6c3c8-ab9c-11f1-b43d-cf1f723f6f2a[0m
[1mprocess[rosout-1]: started with pid [852][0m
started core service [/rosout]
[rosout-1] killing on exit
[master] killing on exit
shutting down processing monitor...
... shutting down processing monitor complete
[1mdone[0m
