... logging to /tmp/forklift_normal_deadlock_obb_seed2024_full_ros/01e31682-ab9d-11f1-8f4f-a54e65fd4292/roslaunch-Lacia-651.log
Checking log directory for disk usage. This may take a while.
Press Ctrl-C to interrupt
Done checking log file disk usage. Usage is <1GB.
]2;roscore
[1mstarted roslaunch server http://Lacia:46623/[0m
ros_comm version 1.17.4


SUMMARY
========

PARAMETERS
 * /rosdistro: noetic
 * /rosversion: 1.17.4

NODES

auto-starting new master
[1mprocess[master]: started with pid [692][0m
[1mROS_MASTER_URI=http://Lacia:11425/[0m
]2;roscore http://Lacia:11425/
[1msetting /run_id to 01e31682-ab9d-11f1-8f4f-a54e65fd4292[0m
[1mprocess[rosout-1]: started with pid [832][0m
started core service [/rosout]
[rosout-1] killing on exit
[master] killing on exit
shutting down processing monitor...
... shutting down processing monitor complete
[1mdone[0m
