[FIRST-COLLISION] @tick=18 sim_t=1s 涉及对=[V0-V1 ]
[FIRST-COLLISION]   V0 距上次脱困=从未 gen=1 slot=22->-1
[FIRST-COLLISION]   V1 距上次脱困=从未 gen=1 slot=20->-1

========== FIRST-COLLISION 前 18 拍历史(看 gen 是否刚跳变=刚被脱困重置) ==========
tick=1
  V0 mode=1 act=3 reason=clear blk=-1 brkr=0 task=0 slot=22->-1 s=0.002/3.280 rem=3.278 spd=0.020 wait=0.0 gen=1
  V1 mode=1 act=1 reason=dynamic_speed_CREEP_V0 blk=0 brkr=0 task=0 slot=20->-1 s=0.002/3.391 rem=3.389 spd=0.020 wait=0.1 gen=1
tick=2
  V0 mode=1 act=3 reason=clear blk=-1 brkr=0 task=0 slot=22->-1 s=0.006/3.280 rem=3.274 spd=0.040 wait=0.0 gen=1
  V1 mode=1 act=1 reason=dynamic_speed_CREEP_V0 blk=0 brkr=0 task=0 slot=20->-1 s=0.006/3.391 rem=3.385 spd=0.040 wait=0.2 gen=1
tick=3
  V0 mode=1 act=3 reason=clear blk=-1 brkr=0 task=0 slot=22->-1 s=0.012/3.280 rem=3.268 spd=0.060 wait=0.0 gen=1
  V1 mode=1 act=1 reason=dynamic_speed_CREEP_V0 blk=0 brkr=0 task=0 slot=20->-1 s=0.011/3.391 rem=3.380 spd=0.050 wait=0.3 gen=1
tick=4
  V0 mode=1 act=3 reason=clear blk=-1 brkr=0 task=0 slot=22->-1 s=0.020/3.280 rem=3.260 spd=0.080 wait=0.0 gen=1
  V1 mode=1 act=1 reason=dynamic_speed_CREEP_V0 blk=0 brkr=0 task=0 slot=20->-1 s=0.016/3.391 rem=3.375 spd=0.050 wait=0.4 gen=1
tick=5
  V0 mode=1 act=3 reason=clear blk=-1 brkr=0 task=0 slot=22->-1 s=0.030/3.280 rem=3.250 spd=0.100 wait=0.0 gen=1
  V1 mode=1 act=1 reason=dynamic_speed_CREEP_V0 blk=0 brkr=0 task=0 slot=20->-1 s=0.021/3.391 rem=3.370 spd=0.050 wait=0.5 gen=1
tick=6
  V0 mode=1 act=3 reason=clear blk=-1 brkr=0 task=0 slot=22->-1 s=0.042/3.280 rem=3.238 spd=0.120 wait=0.0 gen=1
  V1 mode=1 act=1 reason=dynamic_speed_CREEP_V0 blk=0 brkr=0 task=0 slot=20->-1 s=0.026/3.391 rem=3.365 spd=0.050 wait=0.6 gen=1
tick=7
  V0 mode=1 act=3 reason=clear blk=-1 brkr=0 task=0 slot=22->-1 s=0.056/3.280 rem=3.224 spd=0.140 wait=0.0 gen=1
  V1 mode=1 act=1 reason=dynamic_speed_CREEP_V0 blk=0 brkr=0 task=0 slot=20->-1 s=0.031/3.391 rem=3.360 spd=0.050 wait=0.7 gen=1
tick=8
  V0 mode=1 act=3 reason=clear blk=-1 brkr=0 task=0 slot=22->-1 s=0.072/3.280 rem=3.208 spd=0.160 wait=0.0 gen=1
  V1 mode=1 act=1 reason=dynamic_speed_CREEP_V0 blk=0 brkr=0 task=0 slot=20->-1 s=0.036/3.391 rem=3.355 spd=0.050 wait=0.8 gen=1
tick=9
  V0 mode=1 act=3 reason=clear blk=-1 brkr=0 task=0 slot=22->-1 s=0.090/3.280 rem=3.190 spd=0.180 wait=0.0 gen=1
  V1 mode=1 act=1 reason=dynamic_speed_CREEP_V0 blk=0 brkr=0 task=0 slot=20->-1 s=0.041/3.391 rem=3.350 spd=0.050 wait=0.9 gen=1
tick=10
  V0 mode=1 act=3 reason=clear blk=-1 brkr=0 task=0 slot=22->-1 s=0.110/3.280 rem=3.170 spd=0.200 wait=0.0 gen=1
  V1 mode=1 act=1 reason=dynamic_speed_CREEP_V0 blk=0 brkr=0 task=0 slot=20->-1 s=0.046/3.391 rem=3.345 spd=0.050 wait=1.0 gen=1
tick=11
  V0 mode=1 act=3 reason=clear blk=-1 brkr=0 task=0 slot=22->-1 s=0.130/3.280 rem=3.150 spd=0.200 wait=0.0 gen=1
  V1 mode=1 act=1 reason=dynamic_speed_CREEP_V0 blk=0 brkr=0 task=0 slot=20->-1 s=0.051/3.391 rem=3.340 spd=0.050 wait=1.1 gen=1
tick=12
  V0 mode=1 act=3 reason=clear blk=-1 brkr=0 task=0 slot=22->-1 s=0.150/3.280 rem=3.130 spd=0.200 wait=0.0 gen=1
  V1 mode=1 act=1 reason=dynamic_speed_CREEP_V0 blk=0 brkr=0 task=0 slot=20->-1 s=0.056/3.391 rem=3.335 spd=0.050 wait=1.2 gen=1
tick=13
  V0 mode=1 act=3 reason=clear blk=-1 brkr=0 task=0 slot=22->-1 s=0.170/3.280 rem=3.110 spd=0.200 wait=0.0 gen=1
  V1 mode=1 act=1 reason=dynamic_speed_CREEP_V0 blk=0 brkr=0 task=0 slot=20->-1 s=0.061/3.391 rem=3.330 spd=0.050 wait=1.3 gen=1
tick=14
  V0 mode=1 act=3 reason=clear blk=-1 brkr=0 task=0 slot=22->-1 s=0.187/3.280 rem=3.093 spd=0.170 wait=0.0 gen=1
  V1 mode=1 act=1 reason=dynamic_speed_CREEP_V0 blk=0 brkr=0 task=0 slot=20->-1 s=0.066/3.391 rem=3.325 spd=0.050 wait=1.4 gen=1
tick=15
  V0 mode=1 act=3 reason=clear blk=-1 brkr=0 task=0 slot=22->-1 s=0.202/3.280 rem=3.079 spd=0.147 wait=0.0 gen=1
  V1 mode=1 act=1 reason=dynamic_speed_CREEP_V0 blk=0 brkr=0 task=0 slot=20->-1 s=0.071/3.391 rem=3.320 spd=0.050 wait=1.5 gen=1
tick=16
  V0 mode=1 act=3 reason=clear blk=-1 brkr=0 task=0 slot=22->-1 s=0.216/3.280 rem=3.064 spd=0.143 wait=0.0 gen=1
  V1 mode=1 act=1 reason=dynamic_speed_CREEP_V0 blk=0 brkr=0 task=0 slot=20->-1 s=0.076/3.391 rem=3.315 spd=0.050 wait=1.6 gen=1
tick=17
  V0 mode=1 act=3 reason=clear blk=-1 brkr=0 task=0 slot=22->-1 s=0.230/3.280 rem=3.050 spd=0.142 wait=0.0 gen=1
  V1 mode=1 act=1 reason=dynamic_speed_CREEP_V0 blk=0 brkr=0 task=0 slot=20->-1 s=0.081/3.391 rem=3.310 spd=0.050 wait=1.7 gen=1
tick=18
  V0 mode=1 act=0 reason=hard_collision_guard blk=-1 brkr=0 task=0 slot=22->-1 s=0.230/3.280 rem=3.050 spd=0.000 wait=0.1 gen=1
  V1 mode=1 act=0 reason=emergency_next_step_V0 blk=0 brkr=0 task=0 slot=20->-1 s=0.083/3.391 rem=3.308 spd=0.020 wait=1.8 gen=1
